Archive member included to satisfy reference by file (symbol)

c:/st/stm32cubeide_1.5.0/stm32cubeide/plugins/com.st.stm32cube.ide.mcu.externaltools.gnu-tools-for-stm32.7-2018-q2-update.win32_1.5.0.202011040924/tools/bin/../lib/gcc/arm-none-eabi/7.3.1/../../../../arm-none-eabi/lib/thumb/v7e-m/fpv4-sp/hard\libc_nano.a(lib_a-errno.o)
                              Application/User/Core/syscalls.o (__errno)
c:/st/stm32cubeide_1.5.0/stm32cubeide/plugins/com.st.stm32cube.ide.mcu.externaltools.gnu-tools-for-stm32.7-2018-q2-update.win32_1.5.0.202011040924/tools/bin/../lib/gcc/arm-none-eabi/7.3.1/../../../../arm-none-eabi/lib/thumb/v7e-m/fpv4-sp/hard\libc_nano.a(lib_a-exit.o)
                              c:/st/stm32cubeide_1.5.0/stm32cubeide/plugins/com.st.stm32cube.ide.mcu.externaltools.gnu-tools-for-stm32.7-2018-q2-update.win32_1.5.0.202011040924/tools/bin/../lib/gcc/arm-none-eabi/7.3.1/../../../../arm-none-eabi/lib/thumb/v7e-m/fpv4-sp/hard/crt0.o (exit)
c:/st/stm32cubeide_1.5.0/stm32cubeide/plugins/com.st.stm32cube.ide.mcu.externaltools.gnu-tools-for-stm32.7-2018-q2-update.win32_1.5.0.202011040924/tools/bin/../lib/gcc/arm-none-eabi/7.3.1/../../../../arm-none-eabi/lib/thumb/v7e-m/fpv4-sp/hard\libc_nano.a(lib_a-impure.o)
                              c:/st/stm32cubeide_1.5.0/stm32cubeide/plugins/com.st.stm32cube.ide.mcu.externaltools.gnu-tools-for-stm32.7-2018-q2-update.win32_1.5.0.202011040924/tools/bin/../lib/gcc/arm-none-eabi/7.3.1/../../../../arm-none-eabi/lib/thumb/v7e-m/fpv4-sp/hard\libc_nano.a(lib_a-exit.o) (_global_impure_ptr)
c:/st/stm32cubeide_1.5.0/stm32cubeide/plugins/com.st.stm32cube.ide.mcu.externaltools.gnu-tools-for-stm32.7-2018-q2-update.win32_1.5.0.202011040924/tools/bin/../lib/gcc/arm-none-eabi/7.3.1/../../../../arm-none-eabi/lib/thumb/v7e-m/fpv4-sp/hard\libc_nano.a(lib_a-init.o)
                              c:/st/stm32cubeide_1.5.0/stm32cubeide/plugins/com.st.stm32cube.ide.mcu.externaltools.gnu-tools-for-stm32.7-2018-q2-update.win32_1.5.0.202011040924/tools/bin/../lib/gcc/arm-none-eabi/7.3.1/../../../../arm-none-eabi/lib/thumb/v7e-m/fpv4-sp/hard/crt0.o (__libc_init_array)
c:/st/stm32cubeide_1.5.0/stm32cubeide/plugins/com.st.stm32cube.ide.mcu.externaltools.gnu-tools-for-stm32.7-2018-q2-update.win32_1.5.0.202011040924/tools/bin/../lib/gcc/arm-none-eabi/7.3.1/../../../../arm-none-eabi/lib/thumb/v7e-m/fpv4-sp/hard\libc_nano.a(lib_a-memset.o)
                              c:/st/stm32cubeide_1.5.0/stm32cubeide/plugins/com.st.stm32cube.ide.mcu.externaltools.gnu-tools-for-stm32.7-2018-q2-update.win32_1.5.0.202011040924/tools/bin/../lib/gcc/arm-none-eabi/7.3.1/../../../../arm-none-eabi/lib/thumb/v7e-m/fpv4-sp/hard/crt0.o (memset)
c:/st/stm32cubeide_1.5.0/stm32cubeide/plugins/com.st.stm32cube.ide.mcu.externaltools.gnu-tools-for-stm32.7-2018-q2-update.win32_1.5.0.202011040924/tools/bin/../lib/gcc/arm-none-eabi/7.3.1/../../../../arm-none-eabi/lib/thumb/v7e-m/fpv4-sp/hard\libc_nano.a(lib_a-puts.o)
                              Application/User/Core/main.o (puts)
c:/st/stm32cubeide_1.5.0/stm32cubeide/plugins/com.st.stm32cube.ide.mcu.externaltools.gnu-tools-for-stm32.7-2018-q2-update.win32_1.5.0.202011040924/tools/bin/../lib/gcc/arm-none-eabi/7.3.1/../../../../arm-none-eabi/lib/thumb/v7e-m/fpv4-sp/hard\libc_nano.a(lib_a-sprintf.o)
                              lib/MAX30100/max30100_for_stm32_hal.o (sprintf)
c:/st/stm32cubeide_1.5.0/stm32cubeide/plugins/com.st.stm32cube.ide.mcu.externaltools.gnu-tools-for-stm32.7-2018-q2-update.win32_1.5.0.202011040924/tools/bin/../lib/gcc/arm-none-eabi/7.3.1/../../../../arm-none-eabi/lib/thumb/v7e-m/fpv4-sp/hard\libc_nano.a(lib_a-strlen.o)
                              lib/MAX30100/max30100_for_stm32_hal.o (strlen)
c:/st/stm32cubeide_1.5.0/stm32cubeide/plugins/com.st.stm32cube.ide.mcu.externaltools.gnu-tools-for-stm32.7-2018-q2-update.win32_1.5.0.202011040924/tools/bin/../lib/gcc/arm-none-eabi/7.3.1/../../../../arm-none-eabi/lib/thumb/v7e-m/fpv4-sp/hard\libc_nano.a(lib_a-wbuf.o)
                              c:/st/stm32cubeide_1.5.0/stm32cubeide/plugins/com.st.stm32cube.ide.mcu.externaltools.gnu-tools-for-stm32.7-2018-q2-update.win32_1.5.0.202011040924/tools/bin/../lib/gcc/arm-none-eabi/7.3.1/../../../../arm-none-eabi/lib/thumb/v7e-m/fpv4-sp/hard\libc_nano.a(lib_a-puts.o) (__swbuf_r)
c:/st/stm32cubeide_1.5.0/stm32cubeide/plugins/com.st.stm32cube.ide.mcu.externaltools.gnu-tools-for-stm32.7-2018-q2-update.win32_1.5.0.202011040924/tools/bin/../lib/gcc/arm-none-eabi/7.3.1/../../../../arm-none-eabi/lib/thumb/v7e-m/fpv4-sp/hard\libc_nano.a(lib_a-wsetup.o)
                              c:/st/stm32cubeide_1.5.0/stm32cubeide/plugins/com.st.stm32cube.ide.mcu.externaltools.gnu-tools-for-stm32.7-2018-q2-update.win32_1.5.0.202011040924/tools/bin/../lib/gcc/arm-none-eabi/7.3.1/../../../../arm-none-eabi/lib/thumb/v7e-m/fpv4-sp/hard\libc_nano.a(lib_a-puts.o) (__swsetup_r)
[...]
Memory Configuration

Name             Origin             Length             Attributes
RAM              0x0000000020000000 0x000000000000a000 xrw
FLASH            0x0000000008000000 0x0000000000020000 xr
*default*        0x0000000000000000 0xffffffffffffffff

Linker script and memory map

LOAD c:/st/stm32cubeide_1.5.0/stm32cubeide/plugins/com.st.stm32cube.ide.mcu.externaltools.gnu-tools-for-stm32.7-2018-q2-update.win32_1.5.0.202011040924/tools/bin/../lib/gcc/arm-none-eabi/7.3.1/thumb/v7e-m/fpv4-sp/hard/crti.o
LOAD c:/st/stm32cubeide_1.5.0/stm32cubeide/plugins/com.st.stm32cube.ide.mcu.externaltools.gnu-tools-for-stm32.7-2018-q2-update.win32_1.5.0.202011040924/tools/bin/../lib/gcc/arm-none-eabi/7.3.1/thumb/v7e-m/fpv4-sp/hard/crtbegin.o
LOAD c:/st/stm32cubeide_1.5.0/stm32cubeide/plugins/com.st.stm32cube.ide.mcu.externaltools.gnu-tools-for-stm32.7-2018-q2-update.win32_1.5.0.202011040924/tools/bin/../lib/gcc/arm-none-eabi/7.3.1/../../../../arm-none-eabi/lib/thumb/v7e-m/fpv4-sp/hard/crt0.o
LOAD Application/User/Core/gpio.o
LOAD Application/User/Core/i2c.o
LOAD Application/User/Core/main.o
LOAD Application/User/Core/stm32l4xx_hal_msp.o
LOAD Application/User/Core/stm32l4xx_it.o
LOAD Application/User/Core/syscalls.o
LOAD Application/User/Core/sysmem.o
LOAD Application/User/Core/usart.o
LOAD Application/User/Startup/startup_stm32l412rbtxp.o
LOAD Drivers/CMSIS/system_stm32l4xx.o
LOAD Drivers/STM32L4xx_HAL_Driver/stm32l4xx_hal.o
LOAD Drivers/STM32L4xx_HAL_Driver/stm32l4xx_hal_cortex.o
LOAD Drivers/STM32L4xx_HAL_Driver/stm32l4xx_hal_dma.o
LOAD Drivers/STM32L4xx_HAL_Driver/stm32l4xx_hal_dma_ex.o
LOAD Drivers/STM32L4xx_HAL_Driver/stm32l4xx_hal_exti.o
LOAD Drivers/STM32L4xx_HAL_Driver/stm32l4xx_hal_flash.o
LOAD Drivers/STM32L4xx_HAL_Driver/stm32l4xx_hal_flash_ex.o
LOAD Drivers/STM32L4xx_HAL_Driver/stm32l4xx_hal_flash_ramfunc.o
LOAD Drivers/STM32L4xx_HAL_Driver/stm32l4xx_hal_gpio.o
LOAD Drivers/STM32L4xx_HAL_Driver/stm32l4xx_hal_i2c.o
LOAD Drivers/STM32L4xx_HAL_Driver/stm32l4xx_hal_i2c_ex.o
LOAD Drivers/STM32L4xx_HAL_Driver/stm32l4xx_hal_pwr.o
LOAD Drivers/STM32L4xx_HAL_Driver/stm32l4xx_hal_pwr_ex.o
LOAD Drivers/STM32L4xx_HAL_Driver/stm32l4xx_hal_rcc.o
LOAD Drivers/STM32L4xx_HAL_Driver/stm32l4xx_hal_rcc_ex.o
LOAD Drivers/STM32L4xx_HAL_Driver/stm32l4xx_hal_tim.o
LOAD Drivers/STM32L4xx_HAL_Driver/stm32l4xx_hal_tim_ex.o
LOAD Drivers/STM32L4xx_HAL_Driver/stm32l4xx_hal_uart.o
LOAD Drivers/STM32L4xx_HAL_Driver/stm32l4xx_hal_uart_ex.o
LOAD lib/MAX30100/max30100_for_stm32_hal.o
START GROUP
LOAD c:/st/stm32cubeide_1.5.0/stm32cubeide/plugins/com.st.stm32cube.ide.mcu.externaltools.gnu-tools-for-stm32.7-2018-q2-update.win32_1.5.0.202011040924/tools/bin/../lib/gcc/arm-none-eabi/7.3.1/../../../../arm-none-eabi/lib/thumb/v7e-m/fpv4-sp/hard\libc_nano.a
LOAD c:/st/stm32cubeide_1.5.0/stm32cubeide/plugins/com.st.stm32cube.ide.mcu.externaltools.gnu-tools-for-stm32.7-2018-q2-update.win32_1.5.0.202011040924/tools/bin/../lib/gcc/arm-none-eabi/7.3.1/../../../../arm-none-eabi/lib/thumb/v7e-m/fpv4-sp/hard\libm.a
END GROUP
START GROUP
LOAD c:/st/stm32cubeide_1.5.0/stm32cubeide/plugins/com.st.stm32cube.ide.mcu.externaltools.gnu-tools-for-stm32.7-2018-q2-update.win32_1.5.0.202011040924/tools/bin/../lib/gcc/arm-none-eabi/7.3.1/thumb/v7e-m/fpv4-sp/hard\libgcc.a
LOAD c:/st/stm32cubeide_1.5.0/stm32cubeide/plugins/com.st.stm32cube.ide.mcu.externaltools.gnu-tools-for-stm32.7-2018-q2-update.win32_1.5.0.202011040924/tools/bin/../lib/gcc/arm-none-eabi/7.3.1/../../../../arm-none-eabi/lib/thumb/v7e-m/fpv4-sp/hard\libc_nano.a
END GROUP
START GROUP
LOAD c:/st/stm32cubeide_1.5.0/stm32cubeide/plugins/com.st.stm32cube.ide.mcu.externaltools.gnu-tools-for-stm32.7-2018-q2-update.win32_1.5.0.202011040924/tools/bin/../lib/gcc/arm-none-eabi/7.3.1/thumb/v7e-m/fpv4-sp/hard\libgcc.a
LOAD c:/st/stm32cubeide_1.5.0/stm32cubeide/plugins/com.st.stm32cube.ide.mcu.externaltools.gnu-tools-for-stm32.7-2018-q2-update.win32_1.5.0.202011040924/tools/bin/../lib/gcc/arm-none-eabi/7.3.1/../../../../arm-none-eabi/lib/thumb/v7e-m/fpv4-sp/hard\libc_nano.a
LOAD c:/st/stm32cubeide_1.5.0/stm32cubeide/plugins/com.st.stm32cube.ide.mcu.externaltools.gnu-tools-for-stm32.7-2018-q2-update.win32_1.5.0.202011040924/tools/bin/../lib/gcc/arm-none-eabi/7.3.1/../../../../arm-none-eabi/lib/thumb/v7e-m/fpv4-sp/hard\libnosys.a
END GROUP
START GROUP
LOAD c:/st/stm32cubeide_1.5.0/stm32cubeide/plugins/com.st.stm32cube.ide.mcu.externaltools.gnu-tools-for-stm32.7-2018-q2-update.win32_1.5.0.202011040924/tools/bin/../lib/gcc/arm-none-eabi/7.3.1/thumb/v7e-m/fpv4-sp/hard\libgcc.a
LOAD c:/st/stm32cubeide_1.5.0/stm32cubeide/plugins/com.st.stm32cube.ide.mcu.externaltools.gnu-tools-for-stm32.7-2018-q2-update.win32_1.5.0.202011040924/tools/bin/../lib/gcc/arm-none-eabi/7.3.1/../../../../arm-none-eabi/lib/thumb/v7e-m/fpv4-sp/hard\libc_nano.a
LOAD c:/st/stm32cubeide_1.5.0/stm32cubeide/plugins/com.st.stm32cube.ide.mcu.externaltools.gnu-tools-for-stm32.7-2018-q2-update.win32_1.5.0.202011040924/tools/bin/../lib/gcc/arm-none-eabi/7.3.1/../../../../arm-none-eabi/lib/thumb/v7e-m/fpv4-sp/hard\libnosys.a
END GROUP
LOAD c:/st/stm32cubeide_1.5.0/stm32cubeide/plugins/com.st.stm32cube.ide.mcu.externaltools.gnu-tools-for-stm32.7-2018-q2-update.win32_1.5.0.202011040924/tools/bin/../lib/gcc/arm-none-eabi/7.3.1/thumb/v7e-m/fpv4-sp/hard/crtend.o
LOAD c:/st/stm32cubeide_1.5.0/stm32cubeide/plugins/com.st.stm32cube.ide.mcu.externaltools.gnu-tools-for-stm32.7-2018-q2-update.win32_1.5.0.202011040924/tools/bin/../lib/gcc/arm-none-eabi/7.3.1/thumb/v7e-m/fpv4-sp/hard/crtn.o
                0x000000002000a000                _estack = (ORIGIN (RAM) + LENGTH (RAM))
                0x0000000000000200                _Min_Heap_Size = 0x200
                0x0000000000000400                _Min_Stack_Size = 0x400

.isr_vector     0x0000000008000000      0x18c
                0x0000000008000000                . = ALIGN (0x4)
 *(.isr_vector)
 .isr_vector    0x0000000008000000      0x18c Application/User/Startup/startup_stm32l412rbtxp.o
                0x0000000008000000                g_pfnVectors
                0x000000000800018c                . = ALIGN (0x4)

.text           0x0000000008000190     0x549c
                0x0000000008000190                . = ALIGN (0x4)
 *(.text)
 .text          0x0000000008000190       0x40 c:/st/stm32cubeide_1.5.0/stm32cubeide/plugins/com.st.stm32cube.ide.mcu.externaltools.gnu-tools-for-stm32.7-2018-q2-update.win32_1.5.0.202011040924/tools/bin/../lib/gcc/arm-none-eabi/7.3.1/thumb/v7e-m/fpv4-sp/hard/crtbegin.o
 .text          0x00000000080001d0       0x10 c:/st/stm32cubeide_1.5.0/stm32cubeide/plugins/com.st.stm32cube.ide.mcu.externaltools.gnu-tools-for-stm32.7-2018-q2-update.win32_1.5.0.202011040924/tools/bin/../lib/gcc/arm-none-eabi/7.3.1/../../../../arm-none-eabi/lib/thumb/v7e-m/fpv4-sp/hard\libc_nano.a(lib_a-strlen.o)
                0x00000000080001d0                strlen
 .text          0x00000000080001e0       0xa0 c:/st/stm32cubeide_1.5.0/stm32cubeide/plugins/com.st.stm32cube.ide.mcu.externaltools.gnu-tools-for-stm32.7-2018-q2-update.win32_1.5.0.202011040924/tools/bin/../lib/gcc/arm-none-eabi/7.3.1/../../../../arm-none-eabi/lib/thumb/v7e-m/fpv4-sp/hard\libc_nano.a(lib_a-memchr.o)
                0x00000000080001e0                memchr
 .text          0x0000000008000280       0x30 c:/st/stm32cubeide_1.5.0/stm32cubeide/plugins/com.st.stm32cube.ide.mcu.externaltools.gnu-tools-for-stm32.7-2018-q2-update.win32_1.5.0.202011040924/tools/bin/../lib/gcc/arm-none-eabi/7.3.1/thumb/v7e-m/fpv4-sp/hard\libgcc.a(_aeabi_uldivmod.o)
                0x0000000008000280                __aeabi_uldivmod
 .text          0x00000000080002b0      0x2cc c:/st/stm32cubeide_1.5.0/stm32cubeide/plugins/com.st.stm32cube.ide.mcu.externaltools.gnu-tools-for-stm32.7-2018-q2-update.win32_1.5.0.202011040924/tools/bin/../lib/gcc/arm-none-eabi/7.3.1/thumb/v7e-m/fpv4-sp/hard\libgcc.a(_udivmoddi4.o)
                0x00000000080002b0                __udivmoddi4
 .text          0x000000000800057c        0x4 c:/st/stm32cubeide_1.5.0/stm32cubeide/plugins/com.st.stm32cube.ide.mcu.externaltools.gnu-tools-for-stm32.7-2018-q2-update.win32_1.5.0.202011040924/tools/bin/../lib/gcc/arm-none-eabi/7.3.1/thumb/v7e-m/fpv4-sp/hard\libgcc.a(_dvmd_tls.o)
                0x000000000800057c                __aeabi_idiv0
                0x000000000800057c                __aeabi_ldiv0
 *(.text*)
 .text.MX_GPIO_Init
                0x0000000008000580       0xcc Application/User/Core/gpio.o
                0x0000000008000580                MX_GPIO_Init
 .text.MX_I2C1_Init
                0x000000000800064c       0x7c Application/User/Core/i2c.o
                0x000000000800064c                MX_I2C1_Init
 .text.HAL_I2C_MspInit
                0x00000000080006c8       0xa8 Application/User/Core/i2c.o
                0x00000000080006c8                HAL_I2C_MspInit
 .text._write   0x0000000008000770       0x40 Application/User/Core/main.o
                0x0000000008000770                _write
 .text.main     0x00000000080007b0       0x70 Application/User/Core/main.o
                0x00000000080007b0                main
 .text.SystemClock_Config
                0x0000000008000820       0xba Application/User/Core/main.o
                0x0000000008000820                SystemClock_Config
 .text.Error_Handler
                0x00000000080008da        0x8 Application/User/Core/main.o
                0x00000000080008da                Error_Handler
 *fill*         0x00000000080008e2        0x2 
 .text.HAL_MspInit
                0x00000000080008e4       0x48 Application/User/Core/stm32l4xx_hal_msp.o
                0x00000000080008e4                HAL_MspInit
 .text.NMI_Handler
                0x000000000800092c        0x6 Application/User/Core/stm32l4xx_it.o
                0x000000000800092c                NMI_Handler
 .text.HardFault_Handler
                0x0000000008000932        0x6 Application/User/Core/stm32l4xx_it.o
                0x0000000008000932                HardFault_Handler
 .text.MemManage_Handler
                0x0000000008000938        0x6 Application/User/Core/stm32l4xx_it.o
                0x0000000008000938                MemManage_Handler
 .text.BusFault_Handler
                0x000000000800093e        0x6 Application/User/Core/stm32l4xx_it.o
                0x000000000800093e                BusFault_Handler
 .text.UsageFault_Handler
                0x0000000008000944        0x6 Application/User/Core/stm32l4xx_it.o
                0x0000000008000944                UsageFault_Handler
 .text.SVC_Handler
                0x000000000800094a        0xe Application/User/Core/stm32l4xx_it.o
                0x000000000800094a                SVC_Handler
 .text.DebugMon_Handler
                0x0000000008000958        0xe Application/User/Core/stm32l4xx_it.o
                0x0000000008000958                DebugMon_Handler
 .text.PendSV_Handler
                0x0000000008000966        0xe Application/User/Core/stm32l4xx_it.o
                0x0000000008000966                PendSV_Handler
 .text.SysTick_Handler
                0x0000000008000974        0xc Application/User/Core/stm32l4xx_it.o
                0x0000000008000974                SysTick_Handler
 .text.EXTI9_5_IRQHandler
                0x0000000008000980       0x10 Application/User/Core/stm32l4xx_it.o
                0x0000000008000980                EXTI9_5_IRQHandler
 .text.I2C1_EV_IRQHandler
                0x0000000008000990       0x14 Application/User/Core/stm32l4xx_it.o
                0x0000000008000990                I2C1_EV_IRQHandler
 .text.I2C1_ER_IRQHandler
                0x00000000080009a4       0x14 Application/User/Core/stm32l4xx_it.o
                0x00000000080009a4                I2C1_ER_IRQHandler
 .text._read    0x00000000080009b8       0x3a Application/User/Core/syscalls.o
                0x00000000080009b8                _read
 .text._close   0x00000000080009f2       0x18 Application/User/Core/syscalls.o
                0x00000000080009f2                _close
 .text._fstat   0x0000000008000a0a       0x20 Application/User/Core/syscalls.o
                0x0000000008000a0a                _fstat
 .text._isatty  0x0000000008000a2a       0x16 Application/User/Core/syscalls.o
                0x0000000008000a2a                _isatty
 .text._lseek   0x0000000008000a40       0x1a Application/User/Core/syscalls.o
                0x0000000008000a40                _lseek
 *fill*         0x0000000008000a5a        0x2 
 .text._sbrk    0x0000000008000a5c       0x6c Application/User/Core/sysmem.o
                0x0000000008000a5c                _sbrk
 .text.MX_USART1_UART_Init
                0x0000000008000ac8       0x60 Application/User/Core/usart.o
                0x0000000008000ac8                MX_USART1_UART_Init
 .text.HAL_UART_MspInit
                0x0000000008000b28       0x88 Application/User/Core/usart.o
                0x0000000008000b28                HAL_UART_MspInit
 .text.Reset_Handler
                0x0000000008000bb0       0x50 Application/User/Startup/startup_stm32l412rbtxp.o
                0x0000000008000bb0                Reset_Handler
 .text.Default_Handler
                0x0000000008000c00        0x2 Application/User/Startup/startup_stm32l412rbtxp.o
                0x0000000008000c00                RTC_Alarm_IRQHandler
                0x0000000008000c00                EXTI2_IRQHandler
                0x0000000008000c00                TIM1_CC_IRQHandler
                0x0000000008000c00                TSC_IRQHandler
                0x0000000008000c00                TIM6_IRQHandler
                0x0000000008000c00                TAMP_STAMP_IRQHandler
                0x0000000008000c00                EXTI3_IRQHandler
                0x0000000008000c00                LPTIM2_IRQHandler
                0x0000000008000c00                I2C3_ER_IRQHandler
                0x0000000008000c00                EXTI0_IRQHandler
                0x0000000008000c00                I2C2_EV_IRQHandler
                0x0000000008000c00                FPU_IRQHandler
                0x0000000008000c00                TIM1_UP_TIM16_IRQHandler
                0x0000000008000c00                ADC1_2_IRQHandler
                0x0000000008000c00                SPI1_IRQHandler
                0x0000000008000c00                DMA2_Channel2_IRQHandler
                0x0000000008000c00                DMA1_Channel4_IRQHandler
                0x0000000008000c00                USART3_IRQHandler
                0x0000000008000c00                DMA1_Channel7_IRQHandler
                0x0000000008000c00                DMA2_Channel1_IRQHandler
                0x0000000008000c00                QUADSPI_IRQHandler
                0x0000000008000c00                DMA1_Channel6_IRQHandler
                0x0000000008000c00                DMA2_Channel4_IRQHandler
                0x0000000008000c00                RCC_IRQHandler
                0x0000000008000c00                TIM1_TRG_COM_IRQHandler
                0x0000000008000c00                DMA1_Channel1_IRQHandler
                0x0000000008000c00                Default_Handler
                0x0000000008000c00                DMA2_Channel7_IRQHandler
                0x0000000008000c00                EXTI15_10_IRQHandler
                0x0000000008000c00                I2C3_EV_IRQHandler
                0x0000000008000c00                USB_IRQHandler
                0x0000000008000c00                RTC_WKUP_IRQHandler
                0x0000000008000c00                PVD_PVM_IRQHandler
                0x0000000008000c00                SPI2_IRQHandler
                0x0000000008000c00                DMA2_Channel5_IRQHandler
                0x0000000008000c00                CRS_IRQHandler
                0x0000000008000c00                DMA1_Channel5_IRQHandler
                0x0000000008000c00                EXTI4_IRQHandler
                0x0000000008000c00                RNG_IRQHandler
                0x0000000008000c00                DMA1_Channel3_IRQHandler
                0x0000000008000c00                COMP_IRQHandler
                0x0000000008000c00                WWDG_IRQHandler
                0x0000000008000c00                LPUART1_IRQHandler
                0x0000000008000c00                DMA2_Channel6_IRQHandler
                0x0000000008000c00                TIM2_IRQHandler
                0x0000000008000c00                EXTI1_IRQHandler
                0x0000000008000c00                USART2_IRQHandler
                0x0000000008000c00                I2C2_ER_IRQHandler
                0x0000000008000c00                DMA1_Channel2_IRQHandler
                0x0000000008000c00                FLASH_IRQHandler
                0x0000000008000c00                USART1_IRQHandler
                0x0000000008000c00                LPTIM1_IRQHandler
                0x0000000008000c00                DMA2_Channel3_IRQHandler
                0x0000000008000c00                TIM1_BRK_TIM15_IRQHandler
 *fill*         0x0000000008000c02        0x2 
 .text.SystemInit
                0x0000000008000c04       0x6c Drivers/CMSIS/system_stm32l4xx.o
                0x0000000008000c04                SystemInit
 .text.HAL_Init
                0x0000000008000c70       0x30 Drivers/STM32L4xx_HAL_Driver/stm32l4xx_hal.o
                0x0000000008000c70                HAL_Init
 .text.HAL_InitTick
                0x0000000008000ca0       0x78 Drivers/STM32L4xx_HAL_Driver/stm32l4xx_hal.o
                0x0000000008000ca0                HAL_InitTick
 .text.HAL_IncTick
                0x0000000008000d18       0x28 Drivers/STM32L4xx_HAL_Driver/stm32l4xx_hal.o
                0x0000000008000d18                HAL_IncTick
 .text.HAL_GetTick
                0x0000000008000d40       0x18 Drivers/STM32L4xx_HAL_Driver/stm32l4xx_hal.o
                0x0000000008000d40                HAL_GetTick
 .text.HAL_Delay
                0x0000000008000d58       0x44 Drivers/STM32L4xx_HAL_Driver/stm32l4xx_hal.o
                0x0000000008000d58                HAL_Delay
 .text.__NVIC_SetPriorityGrouping
                0x0000000008000d9c       0x48 Drivers/STM32L4xx_HAL_Driver/stm32l4xx_hal_cortex.o
 .text.__NVIC_GetPriorityGrouping
                0x0000000008000de4       0x1c Drivers/STM32L4xx_HAL_Driver/stm32l4xx_hal_cortex.o
 .text.__NVIC_EnableIRQ
                0x0000000008000e00       0x3c Drivers/STM32L4xx_HAL_Driver/stm32l4xx_hal_cortex.o
 .text.__NVIC_SetPriority
                0x0000000008000e3c       0x54 Drivers/STM32L4xx_HAL_Driver/stm32l4xx_hal_cortex.o
 .text.NVIC_EncodePriority
                0x0000000008000e90       0x66 Drivers/STM32L4xx_HAL_Driver/stm32l4xx_hal_cortex.o
 *fill*         0x0000000008000ef6        0x2 
 .text.SysTick_Config
                0x0000000008000ef8       0x44 Drivers/STM32L4xx_HAL_Driver/stm32l4xx_hal_cortex.o
 .text.HAL_NVIC_SetPriorityGrouping
                0x0000000008000f3c       0x16 Drivers/STM32L4xx_HAL_Driver/stm32l4xx_hal_cortex.o
                0x0000000008000f3c                HAL_NVIC_SetPriorityGrouping
 .text.HAL_NVIC_SetPriority
                0x0000000008000f52       0x38 Drivers/STM32L4xx_HAL_Driver/stm32l4xx_hal_cortex.o
                0x0000000008000f52                HAL_NVIC_SetPriority
 .text.HAL_NVIC_EnableIRQ
                0x0000000008000f8a       0x1c Drivers/STM32L4xx_HAL_Driver/stm32l4xx_hal_cortex.o
                0x0000000008000f8a                HAL_NVIC_EnableIRQ
 .text.HAL_SYSTICK_Config
                0x0000000008000fa6       0x18 Drivers/STM32L4xx_HAL_Driver/stm32l4xx_hal_cortex.o
                0x0000000008000fa6                HAL_SYSTICK_Config
 .text.HAL_DMA_Abort_IT
                0x0000000008000fbe       0x82 Drivers/STM32L4xx_HAL_Driver/stm32l4xx_hal_dma.o
                0x0000000008000fbe                HAL_DMA_Abort_IT
 .text.HAL_DMA_GetState
                0x0000000008001040       0x1c Drivers/STM32L4xx_HAL_Driver/stm32l4xx_hal_dma.o
                0x0000000008001040                HAL_DMA_GetState
 .text.HAL_GPIO_Init
                0x000000000800105c      0x2e4 Drivers/STM32L4xx_HAL_Driver/stm32l4xx_hal_gpio.o
                0x000000000800105c                HAL_GPIO_Init
 .text.HAL_GPIO_WritePin
                0x0000000008001340       0x30 Drivers/STM32L4xx_HAL_Driver/stm32l4xx_hal_gpio.o
                0x0000000008001340                HAL_GPIO_WritePin
 .text.HAL_GPIO_EXTI_IRQHandler
                0x0000000008001370       0x30 Drivers/STM32L4xx_HAL_Driver/stm32l4xx_hal_gpio.o
                0x0000000008001370                HAL_GPIO_EXTI_IRQHandler
 .text.HAL_GPIO_EXTI_Callback
                0x00000000080013a0       0x16 Drivers/STM32L4xx_HAL_Driver/stm32l4xx_hal_gpio.o
                0x00000000080013a0                HAL_GPIO_EXTI_Callback
 .text.HAL_I2C_Init
                0x00000000080013b6      0x11e Drivers/STM32L4xx_HAL_Driver/stm32l4xx_hal_i2c.o
                0x00000000080013b6                HAL_I2C_Init
 .text.HAL_I2C_Master_Transmit
                0x00000000080014d4      0x1e8 Drivers/STM32L4xx_HAL_Driver/stm32l4xx_hal_i2c.o
                0x00000000080014d4                HAL_I2C_Master_Transmit
 .text.HAL_I2C_Master_Receive
                0x00000000080016bc      0x1ec Drivers/STM32L4xx_HAL_Driver/stm32l4xx_hal_i2c.o
                0x00000000080016bc                HAL_I2C_Master_Receive
 .text.HAL_I2C_EV_IRQHandler
                0x00000000080018a8       0x34 Drivers/STM32L4xx_HAL_Driver/stm32l4xx_hal_i2c.o
                0x00000000080018a8                HAL_I2C_EV_IRQHandler
 .text.HAL_I2C_ER_IRQHandler
                0x00000000080018dc       0xc2 Drivers/STM32L4xx_HAL_Driver/stm32l4xx_hal_i2c.o
                0x00000000080018dc                HAL_I2C_ER_IRQHandler
 .text.HAL_I2C_SlaveTxCpltCallback
                0x000000000800199e       0x14 Drivers/STM32L4xx_HAL_Driver/stm32l4xx_hal_i2c.o
                0x000000000800199e                HAL_I2C_SlaveTxCpltCallback
 .text.HAL_I2C_SlaveRxCpltCallback
                0x00000000080019b2       0x14 Drivers/STM32L4xx_HAL_Driver/stm32l4xx_hal_i2c.o
                0x00000000080019b2                HAL_I2C_SlaveRxCpltCallback
 .text.HAL_I2C_AddrCallback
                0x00000000080019c6       0x1c Drivers/STM32L4xx_HAL_Driver/stm32l4xx_hal_i2c.o
                0x00000000080019c6                HAL_I2C_AddrCallback
 .text.HAL_I2C_ListenCpltCallback
                0x00000000080019e2       0x14 Drivers/STM32L4xx_HAL_Driver/stm32l4xx_hal_i2c.o
                0x00000000080019e2                HAL_I2C_ListenCpltCallback
 .text.HAL_I2C_ErrorCallback
                0x00000000080019f6       0x14 Drivers/STM32L4xx_HAL_Driver/stm32l4xx_hal_i2c.o
                0x00000000080019f6                HAL_I2C_ErrorCallback
 .text.HAL_I2C_AbortCpltCallback
                0x0000000008001a0a       0x14 Drivers/STM32L4xx_HAL_Driver/stm32l4xx_hal_i2c.o
                0x0000000008001a0a                HAL_I2C_AbortCpltCallback
 .text.I2C_Slave_ISR_IT
                0x0000000008001a1e      0x206 Drivers/STM32L4xx_HAL_Driver/stm32l4xx_hal_i2c.o
 .text.I2C_ITAddrCplt
                0x0000000008001c24      0x108 Drivers/STM32L4xx_HAL_Driver/stm32l4xx_hal_i2c.o
 .text.I2C_ITSlaveSeqCplt
                0x0000000008001d2c       0xbc Drivers/STM32L4xx_HAL_Driver/stm32l4xx_hal_i2c.o
 .text.I2C_ITSlaveCplt
                0x0000000008001de8      0x214 Drivers/STM32L4xx_HAL_Driver/stm32l4xx_hal_i2c.o
 .text.I2C_ITListenCplt
                0x0000000008001ffc       0xac Drivers/STM32L4xx_HAL_Driver/stm32l4xx_hal_i2c.o
 .text.I2C_ITError
                0x00000000080020a8      0x1a0 Drivers/STM32L4xx_HAL_Driver/stm32l4xx_hal_i2c.o
 .text.I2C_TreatErrorCallback
                0x0000000008002248       0x4e Drivers/STM32L4xx_HAL_Driver/stm32l4xx_hal_i2c.o
 .text.I2C_Flush_TXDR
                0x0000000008002296       0x48 Drivers/STM32L4xx_HAL_Driver/stm32l4xx_hal_i2c.o
 .text.I2C_DMAAbort
                0x00000000080022de       0x3c Drivers/STM32L4xx_HAL_Driver/stm32l4xx_hal_i2c.o
 .text.I2C_WaitOnFlagUntilTimeout
                0x000000000800231a       0x80 Drivers/STM32L4xx_HAL_Driver/stm32l4xx_hal_i2c.o
 .text.I2C_WaitOnTXISFlagUntilTimeout
                0x000000000800239a       0x80 Drivers/STM32L4xx_HAL_Driver/stm32l4xx_hal_i2c.o
 .text.I2C_WaitOnSTOPFlagUntilTimeout
                0x000000000800241a       0x78 Drivers/STM32L4xx_HAL_Driver/stm32l4xx_hal_i2c.o
 *fill*         0x0000000008002492        0x2 
 .text.I2C_WaitOnRXNEFlagUntilTimeout
                0x0000000008002494       0xd8 Drivers/STM32L4xx_HAL_Driver/stm32l4xx_hal_i2c.o
 .text.I2C_IsAcknowledgeFailed
                0x000000000800256c       0xcc Drivers/STM32L4xx_HAL_Driver/stm32l4xx_hal_i2c.o
 .text.I2C_TransferConfig
                0x0000000008002638       0x5c Drivers/STM32L4xx_HAL_Driver/stm32l4xx_hal_i2c.o
 .text.I2C_Disable_IRQ
                0x0000000008002694       0xbc Drivers/STM32L4xx_HAL_Driver/stm32l4xx_hal_i2c.o
 .text.HAL_I2CEx_ConfigAnalogFilter
                0x0000000008002750       0x96 Drivers/STM32L4xx_HAL_Driver/stm32l4xx_hal_i2c_ex.o
                0x0000000008002750                HAL_I2CEx_ConfigAnalogFilter
 .text.HAL_I2CEx_ConfigDigitalFilter
                0x00000000080027e6       0x98 Drivers/STM32L4xx_HAL_Driver/stm32l4xx_hal_i2c_ex.o
                0x00000000080027e6                HAL_I2CEx_ConfigDigitalFilter
 *fill*         0x000000000800287e        0x2 
 .text.HAL_PWREx_GetVoltageRange
                0x0000000008002880       0x1c Drivers/STM32L4xx_HAL_Driver/stm32l4xx_hal_pwr_ex.o
                0x0000000008002880                HAL_PWREx_GetVoltageRange
 .text.HAL_PWREx_ControlVoltageScaling
                0x000000000800289c       0xac Drivers/STM32L4xx_HAL_Driver/stm32l4xx_hal_pwr_ex.o
                0x000000000800289c                HAL_PWREx_ControlVoltageScaling
 .text.HAL_RCC_OscConfig
                0x0000000008002948      0x8cc Drivers/STM32L4xx_HAL_Driver/stm32l4xx_hal_rcc.o
                0x0000000008002948                HAL_RCC_OscConfig
 .text.HAL_RCC_ClockConfig
                0x0000000008003214      0x1c4 Drivers/STM32L4xx_HAL_Driver/stm32l4xx_hal_rcc.o
                0x0000000008003214                HAL_RCC_ClockConfig
 .text.HAL_RCC_GetSysClockFreq
                0x00000000080033d8      0x114 Drivers/STM32L4xx_HAL_Driver/stm32l4xx_hal_rcc.o
                0x00000000080033d8                HAL_RCC_GetSysClockFreq
 .text.HAL_RCC_GetHCLKFreq
                0x00000000080034ec       0x18 Drivers/STM32L4xx_HAL_Driver/stm32l4xx_hal_rcc.o
                0x00000000080034ec                HAL_RCC_GetHCLKFreq
 .text.HAL_RCC_GetPCLK1Freq
                0x0000000008003504       0x2c Drivers/STM32L4xx_HAL_Driver/stm32l4xx_hal_rcc.o
                0x0000000008003504                HAL_RCC_GetPCLK1Freq
 .text.HAL_RCC_GetPCLK2Freq
                0x0000000008003530       0x2c Drivers/STM32L4xx_HAL_Driver/stm32l4xx_hal_rcc.o
                0x0000000008003530                HAL_RCC_GetPCLK2Freq
 .text.RCC_SetFlashLatencyFromMSIRange
                0x000000000800355c       0xc0 Drivers/STM32L4xx_HAL_Driver/stm32l4xx_hal_rcc.o
 .text.HAL_RCCEx_PeriphCLKConfig
                0x000000000800361c      0x30c Drivers/STM32L4xx_HAL_Driver/stm32l4xx_hal_rcc_ex.o
                0x000000000800361c                HAL_RCCEx_PeriphCLKConfig
 .text.HAL_UART_Init
                0x0000000008003928       0x9c Drivers/STM32L4xx_HAL_Driver/stm32l4xx_hal_uart.o
                0x0000000008003928                HAL_UART_Init
 .text.HAL_UART_Transmit
                0x00000000080039c4      0x126 Drivers/STM32L4xx_HAL_Driver/stm32l4xx_hal_uart.o
                0x00000000080039c4                HAL_UART_Transmit
 *fill*         0x0000000008003aea        0x2 
 .text.UART_SetConfig
                0x0000000008003aec      0x46c Drivers/STM32L4xx_HAL_Driver/stm32l4xx_hal_uart.o
                0x0000000008003aec                UART_SetConfig
 .text.UART_AdvFeatureConfig
                0x0000000008003f58      0x144 Drivers/STM32L4xx_HAL_Driver/stm32l4xx_hal_uart.o
                0x0000000008003f58                UART_AdvFeatureConfig
 .text.UART_CheckIdleState
                0x000000000800409c       0x8a Drivers/STM32L4xx_HAL_Driver/stm32l4xx_hal_uart.o
                0x000000000800409c                UART_CheckIdleState
 .text.UART_WaitOnFlagUntilTimeout
                0x0000000008004126       0xf6 Drivers/STM32L4xx_HAL_Driver/stm32l4xx_hal_uart.o
                0x0000000008004126                UART_WaitOnFlagUntilTimeout
 .text.MAX30100_Init
                0x000000000800421c       0x30 lib/MAX30100/max30100_for_stm32_hal.o
                0x000000000800421c                MAX30100_Init
 .text.MAX30100_ReadReg
                0x000000000800424c       0x48 lib/MAX30100/max30100_for_stm32_hal.o
                0x000000000800424c                MAX30100_ReadReg
 .text.MAX30100_WriteReg
                0x0000000008004294       0x3c lib/MAX30100/max30100_for_stm32_hal.o
                0x0000000008004294                MAX30100_WriteReg
 .text.MAX30100_EnableInterrupt
                0x00000000080042d0       0x68 lib/MAX30100/max30100_for_stm32_hal.o
                0x00000000080042d0                MAX30100_EnableInterrupt
 .text.MAX30100_SetMode
                0x0000000008004338       0x98 lib/MAX30100/max30100_for_stm32_hal.o
                0x0000000008004338                MAX30100_SetMode
 .text.MAX30100_SetSpO2SampleRate
                0x00000000080043d0       0x42 lib/MAX30100/max30100_for_stm32_hal.o
                0x00000000080043d0                MAX30100_SetSpO2SampleRate
 .text.MAX30100_SetLEDPulseWidth
                0x0000000008004412       0x40 lib/MAX30100/max30100_for_stm32_hal.o
                0x0000000008004412                MAX30100_SetLEDPulseWidth
 *fill*         0x0000000008004452        0x2 
 .text.MAX30100_SetLEDCurrent
                0x0000000008004454       0x44 lib/MAX30100/max30100_for_stm32_hal.o
                0x0000000008004454                MAX30100_SetLEDCurrent
 .text.MAX30100_ClearFIFO
                0x0000000008004498       0x20 lib/MAX30100/max30100_for_stm32_hal.o
                0x0000000008004498                MAX30100_ClearFIFO
 .text.MAX30100_ReadFIFO
                0x00000000080044b8       0xf4 lib/MAX30100/max30100_for_stm32_hal.o
                0x00000000080044b8                MAX30100_ReadFIFO
 .text.MAX30100_PlotBothToUART
                0x00000000080045ac       0x78 lib/MAX30100/max30100_for_stm32_hal.o
                0x00000000080045ac                MAX30100_PlotBothToUART
 .text.MAX30100_Stop
                0x0000000008004624       0x24 lib/MAX30100/max30100_for_stm32_hal.o
                0x0000000008004624                MAX30100_Stop
 .text.__errno  0x0000000008004648        0xc c:/st/stm32cubeide_1.5.0/stm32cubeide/plugins/com.st.stm32cube.ide.mcu.externaltools.gnu-tools-for-stm32.7-2018-q2-update.win32_1.5.0.202011040924/tools/bin/../lib/gcc/arm-none-eabi/7.3.1/../../../../arm-none-eabi/lib/thumb/v7e-m/fpv4-sp/hard\libc_nano.a(lib_a-errno.o)
                0x0000000008004648                __errno
 .text.__libc_init_array
                0x0000000008004654       0x48 c:/st/stm32cubeide_1.5.0/stm32cubeide/plugins/com.st.stm32cube.ide.mcu.externaltools.gnu-tools-for-stm32.7-2018-q2-update.win32_1.5.0.202011040924/tools/bin/../lib/gcc/arm-none-eabi/7.3.1/../../../../arm-none-eabi/lib/thumb/v7e-m/fpv4-sp/hard\libc_nano.a(lib_a-init.o)
                0x0000000008004654                __libc_init_array
 .text.memset   0x000000000800469c       0x10 c:/st/stm32cubeide_1.5.0/stm32cubeide/plugins/com.st.stm32cube.ide.mcu.externaltools.gnu-tools-for-stm32.7-2018-q2-update.win32_1.5.0.202011040924/tools/bin/../lib/gcc/arm-none-eabi/7.3.1/../../../../arm-none-eabi/lib/thumb/v7e-m/fpv4-sp/hard\libc_nano.a(lib_a-memset.o)
                0x000000000800469c                memset
 .text._puts_r  0x00000000080046ac       0xb8 c:/st/stm32cubeide_1.5.0/stm32cubeide/plugins/com.st.stm32cube.ide.mcu.externaltools.gnu-tools-for-stm32.7-2018-q2-update.win32_1.5.0.202011040924/tools/bin/../lib/gcc/arm-none-eabi/7.3.1/../../../../arm-none-eabi/lib/thumb/v7e-m/fpv4-sp/hard\libc_nano.a(lib_a-puts.o)
                0x00000000080046ac                _puts_r
 .text.puts     0x0000000008004764       0x10 c:/st/stm32cubeide_1.5.0/stm32cubeide/plugins/com.st.stm32cube.ide.mcu.externaltools.gnu-tools-for-stm32.7-2018-q2-update.win32_1.5.0.202011040924/tools/bin/../lib/gcc/arm-none-eabi/7.3.1/../../../../arm-none-eabi/lib/thumb/v7e-m/fpv4-sp/hard\libc_nano.a(lib_a-puts.o)
                0x0000000008004764                puts
 .text.sprintf  0x0000000008004774       0x40 c:/st/stm32cubeide_1.5.0/stm32cubeide/plugins/com.st.stm32cube.ide.mcu.externaltools.gnu-tools-for-stm32.7-2018-q2-update.win32_1.5.0.202011040924/tools/bin/../lib/gcc/arm-none-eabi/7.3.1/../../../../arm-none-eabi/lib/thumb/v7e-m/fpv4-sp/hard\libc_nano.a(lib_a-sprintf.o)
                0x0000000008004774                siprintf
                0x0000000008004774                sprintf
 .text.__swbuf_r
                0x00000000080047b4       0xa4 c:/st/stm32cubeide_1.5.0/stm32cubeide/plugins/com.st.stm32cube.ide.mcu.externaltools.gnu-tools-for-stm32.7-2018-q2-update.win32_1.5.0.202011040924/tools/bin/../lib/gcc/arm-none-eabi/7.3.1/../../../../arm-none-eabi/lib/thumb/v7e-m/fpv4-sp/hard\libc_nano.a(lib_a-wbuf.o)
                0x00000000080047b4                __swbuf_r
 .text.__swsetup_r
                0x0000000008004858       0xdc c:/st/stm32cubeide_1.5.0/stm32cubeide/plugins/com.st.stm32cube.ide.mcu.externaltools.gnu-tools-for-stm32.7-2018-q2-update.win32_1.5.0.202011040924/tools/bin/../lib/gcc/arm-none-eabi/7.3.1/../../../../arm-none-eabi/lib/thumb/v7e-m/fpv4-sp/hard\libc_nano.a(lib_a-wsetup.o)
                0x0000000008004858                __swsetup_r
 .text.__sflush_r
                0x0000000008004934      0x10c c:/st/stm32cubeide_1.5.0/stm32cubeide/plugins/com.st.stm32cube.ide.mcu.externaltools.gnu-tools-for-stm32.7-2018-q2-update.win32_1.5.0.202011040924/tools/bin/../lib/gcc/arm-none-eabi/7.3.1/../../../../arm-none-eabi/lib/thumb/v7e-m/fpv4-sp/hard\libc_nano.a(lib_a-fflush.o)
                0x0000000008004934                __sflush_r
 .text._fflush_r
                0x0000000008004a40       0x54 c:/st/stm32cubeide_1.5.0/stm32cubeide/plugins/com.st.stm32cube.ide.mcu.externaltools.gnu-tools-for-stm32.7-2018-q2-update.win32_1.5.0.202011040924/tools/bin/../lib/gcc/arm-none-eabi/7.3.1/../../../../arm-none-eabi/lib/thumb/v7e-m/fpv4-sp/hard\libc_nano.a(lib_a-fflush.o)
                0x0000000008004a40                _fflush_r
 .text.std      0x0000000008004a94       0x48 c:/st/stm32cubeide_1.5.0/stm32cubeide/plugins/com.st.stm32cube.ide.mcu.externaltools.gnu-tools-for-stm32.7-2018-q2-update.win32_1.5.0.202011040924/tools/bin/../lib/gcc/arm-none-eabi/7.3.1/../../../../arm-none-eabi/lib/thumb/v7e-m/fpv4-sp/hard\libc_nano.a(lib_a-findfp.o)
 .text._cleanup_r
                0x0000000008004adc        0xc c:/st/stm32cubeide_1.5.0/stm32cubeide/plugins/com.st.stm32cube.ide.mcu.externaltools.gnu-tools-for-stm32.7-2018-q2-update.win32_1.5.0.202011040924/tools/bin/../lib/gcc/arm-none-eabi/7.3.1/../../../../arm-none-eabi/lib/thumb/v7e-m/fpv4-sp/hard\libc_nano.a(lib_a-findfp.o)
                0x0000000008004adc                _cleanup_r
 .text.__sfmoreglue
                0x0000000008004ae8       0x2c c:/st/stm32cubeide_1.5.0/stm32cubeide/plugins/com.st.stm32cube.ide.mcu.externaltools.gnu-tools-for-stm32.7-2018-q2-update.win32_1.5.0.202011040924/tools/bin/../lib/gcc/arm-none-eabi/7.3.1/../../../../arm-none-eabi/lib/thumb/v7e-m/fpv4-sp/hard\libc_nano.a(lib_a-findfp.o)
                0x0000000008004ae8                __sfmoreglue
 .text.__sinit  0x0000000008004b14       0x60 c:/st/stm32cubeide_1.5.0/stm32cubeide/plugins/com.st.stm32cube.ide.mcu.externaltools.gnu-tools-for-stm32.7-2018-q2-update.win32_1.5.0.202011040924/tools/bin/../lib/gcc/arm-none-eabi/7.3.1/../../../../arm-none-eabi/lib/thumb/v7e-m/fpv4-sp/hard\libc_nano.a(lib_a-findfp.o)
                0x0000000008004b14                __sinit
 .text.__sfp    0x0000000008004b74       0x78 c:/st/stm32cubeide_1.5.0/stm32cubeide/plugins/com.st.stm32cube.ide.mcu.externaltools.gnu-tools-for-stm32.7-2018-q2-update.win32_1.5.0.202011040924/tools/bin/../lib/gcc/arm-none-eabi/7.3.1/../../../../arm-none-eabi/lib/thumb/v7e-m/fpv4-sp/hard\libc_nano.a(lib_a-findfp.o)
                0x0000000008004b74                __sfp
 .text._fwalk_reent
                0x0000000008004bec       0x3c c:/st/stm32cubeide_1.5.0/stm32cubeide/plugins/com.st.stm32cube.ide.mcu.externaltools.gnu-tools-for-stm32.7-2018-q2-update.win32_1.5.0.202011040924/tools/bin/../lib/gcc/arm-none-eabi/7.3.1/../../../../arm-none-eabi/lib/thumb/v7e-m/fpv4-sp/hard\libc_nano.a(lib_a-fwalk.o)
                0x0000000008004bec                _fwalk_reent
 .text.__swhatbuf_r
                0x0000000008004c28       0x48 c:/st/stm32cubeide_1.5.0/stm32cubeide/plugins/com.st.stm32cube.ide.mcu.externaltools.gnu-tools-for-stm32.7-2018-q2-update.win32_1.5.0.202011040924/tools/bin/../lib/gcc/arm-none-eabi/7.3.1/../../../../arm-none-eabi/lib/thumb/v7e-m/fpv4-sp/hard\libc_nano.a(lib_a-makebuf.o)
                0x0000000008004c28                __swhatbuf_r
 .text.__smakebuf_r
                0x0000000008004c70       0x80 c:/st/stm32cubeide_1.5.0/stm32cubeide/plugins/com.st.stm32cube.ide.mcu.externaltools.gnu-tools-for-stm32.7-2018-q2-update.win32_1.5.0.202011040924/tools/bin/../lib/gcc/arm-none-eabi/7.3.1/../../../../arm-none-eabi/lib/thumb/v7e-m/fpv4-sp/hard\libc_nano.a(lib_a-makebuf.o)
                0x0000000008004c70                __smakebuf_r
 .text._free_r  0x0000000008004cf0       0x9c c:/st/stm32cubeide_1.5.0/stm32cubeide/plugins/com.st.stm32cube.ide.mcu.externaltools.gnu-tools-for-stm32.7-2018-q2-update.win32_1.5.0.202011040924/tools/bin/../lib/gcc/arm-none-eabi/7.3.1/../../../../arm-none-eabi/lib/thumb/v7e-m/fpv4-sp/hard\libc_nano.a(lib_a-nano-freer.o)
                0x0000000008004cf0                _free_r
 .text._malloc_r
                0x0000000008004d8c       0xb4 c:/st/stm32cubeide_1.5.0/stm32cubeide/plugins/com.st.stm32cube.ide.mcu.externaltools.gnu-tools-for-stm32.7-2018-q2-update.win32_1.5.0.202011040924/tools/bin/../lib/gcc/arm-none-eabi/7.3.1/../../../../arm-none-eabi/lib/thumb/v7e-m/fpv4-sp/hard\libc_nano.a(lib_a-nano-mallocr.o)
                0x0000000008004d8c                _malloc_r
 .text.__ssputs_r
                0x0000000008004e40       0xb4 c:/st/stm32cubeide_1.5.0/stm32cubeide/plugins/com.st.stm32cube.ide.mcu.externaltools.gnu-tools-for-stm32.7-2018-q2-update.win32_1.5.0.202011040924/tools/bin/../lib/gcc/arm-none-eabi/7.3.1/../../../../arm-none-eabi/lib/thumb/v7e-m/fpv4-sp/hard\libc_nano.a(lib_a-nano-svfprintf.o)
                0x0000000008004e40                __ssputs_r
 .text._svfprintf_r
                0x0000000008004ef4      0x1f0 c:/st/stm32cubeide_1.5.0/stm32cubeide/plugins/com.st.stm32cube.ide.mcu.externaltools.gnu-tools-for-stm32.7-2018-q2-update.win32_1.5.0.202011040924/tools/bin/../lib/gcc/arm-none-eabi/7.3.1/../../../../arm-none-eabi/lib/thumb/v7e-m/fpv4-sp/hard\libc_nano.a(lib_a-nano-svfprintf.o)
                0x0000000008004ef4                _svfiprintf_r
                0x0000000008004ef4                _svfprintf_r
 .text._printf_common
                0x00000000080050e4       0xea c:/st/stm32cubeide_1.5.0/stm32cubeide/plugins/com.st.stm32cube.ide.mcu.externaltools.gnu-tools-for-stm32.7-2018-q2-update.win32_1.5.0.202011040924/tools/bin/../lib/gcc/arm-none-eabi/7.3.1/../../../../arm-none-eabi/lib/thumb/v7e-m/fpv4-sp/hard\libc_nano.a(lib_a-nano-vfprintf_i.o)
                0x00000000080050e4                _printf_common
 *fill*         0x00000000080051ce        0x2 
 .text._printf_i
                0x00000000080051d0      0x224 c:/st/stm32cubeide_1.5.0/stm32cubeide/plugins/com.st.stm32cube.ide.mcu.externaltools.gnu-tools-for-stm32.7-2018-q2-update.win32_1.5.0.202011040924/tools/bin/../lib/gcc/arm-none-eabi/7.3.1/../../../../arm-none-eabi/lib/thumb/v7e-m/fpv4-sp/hard\libc_nano.a(lib_a-nano-vfprintf_i.o)
                0x00000000080051d0                _printf_i
 .text._sbrk_r  0x00000000080053f4       0x20 c:/st/stm32cubeide_1.5.0/stm32cubeide/plugins/com.st.stm32cube.ide.mcu.externaltools.gnu-tools-for-stm32.7-2018-q2-update.win32_1.5.0.202011040924/tools/bin/../lib/gcc/arm-none-eabi/7.3.1/../../../../arm-none-eabi/lib/thumb/v7e-m/fpv4-sp/hard\libc_nano.a(lib_a-sbrkr.o)
                0x00000000080053f4                _sbrk_r
 .text.__sread  0x0000000008005414       0x22 c:/st/stm32cubeide_1.5.0/stm32cubeide/plugins/com.st.stm32cube.ide.mcu.externaltools.gnu-tools-for-stm32.7-2018-q2-update.win32_1.5.0.202011040924/tools/bin/../lib/gcc/arm-none-eabi/7.3.1/../../../../arm-none-eabi/lib/thumb/v7e-m/fpv4-sp/hard\libc_nano.a(lib_a-stdio.o)
                0x0000000008005414                __sread
 .text.__swrite
                0x0000000008005436       0x38 c:/st/stm32cubeide_1.5.0/stm32cubeide/plugins/com.st.stm32cube.ide.mcu.externaltools.gnu-tools-for-stm32.7-2018-q2-update.win32_1.5.0.202011040924/tools/bin/../lib/gcc/arm-none-eabi/7.3.1/../../../../arm-none-eabi/lib/thumb/v7e-m/fpv4-sp/hard\libc_nano.a(lib_a-stdio.o)
                0x0000000008005436                __swrite
 .text.__sseek  0x000000000800546e       0x24 c:/st/stm32cubeide_1.5.0/stm32cubeide/plugins/com.st.stm32cube.ide.mcu.externaltools.gnu-tools-for-stm32.7-2018-q2-update.win32_1.5.0.202011040924/tools/bin/../lib/gcc/arm-none-eabi/7.3.1/../../../../arm-none-eabi/lib/thumb/v7e-m/fpv4-sp/hard\libc_nano.a(lib_a-stdio.o)
                0x000000000800546e                __sseek
 .text.__sclose
                0x0000000008005492        0x8 c:/st/stm32cubeide_1.5.0/stm32cubeide/plugins/com.st.stm32cube.ide.mcu.externaltools.gnu-tools-for-stm32.7-2018-q2-update.win32_1.5.0.202011040924/tools/bin/../lib/gcc/arm-none-eabi/7.3.1/../../../../arm-none-eabi/lib/thumb/v7e-m/fpv4-sp/hard\libc_nano.a(lib_a-stdio.o)
                0x0000000008005492                __sclose
 *fill*         0x000000000800549a        0x2 
 .text._write_r
                0x000000000800549c       0x24 c:/st/stm32cubeide_1.5.0/stm32cubeide/plugins/com.st.stm32cube.ide.mcu.externaltools.gnu-tools-for-stm32.7-2018-q2-update.win32_1.5.0.202011040924/tools/bin/../lib/gcc/arm-none-eabi/7.3.1/../../../../arm-none-eabi/lib/thumb/v7e-m/fpv4-sp/hard\libc_nano.a(lib_a-writer.o)
                0x000000000800549c                _write_r
 .text._close_r
                0x00000000080054c0       0x20 c:/st/stm32cubeide_1.5.0/stm32cubeide/plugins/com.st.stm32cube.ide.mcu.externaltools.gnu-tools-for-stm32.7-2018-q2-update.win32_1.5.0.202011040924/tools/bin/../lib/gcc/arm-none-eabi/7.3.1/../../../../arm-none-eabi/lib/thumb/v7e-m/fpv4-sp/hard\libc_nano.a(lib_a-closer.o)
                0x00000000080054c0                _close_r
 .text._fstat_r
                0x00000000080054e0       0x24 c:/st/stm32cubeide_1.5.0/stm32cubeide/plugins/com.st.stm32cube.ide.mcu.externaltools.gnu-tools-for-stm32.7-2018-q2-update.win32_1.5.0.202011040924/tools/bin/../lib/gcc/arm-none-eabi/7.3.1/../../../../arm-none-eabi/lib/thumb/v7e-m/fpv4-sp/hard\libc_nano.a(lib_a-fstatr.o)
                0x00000000080054e0                _fstat_r
 .text._isatty_r
                0x0000000008005504       0x20 c:/st/stm32cubeide_1.5.0/stm32cubeide/plugins/com.st.stm32cube.ide.mcu.externaltools.gnu-tools-for-stm32.7-2018-q2-update.win32_1.5.0.202011040924/tools/bin/../lib/gcc/arm-none-eabi/7.3.1/../../../../arm-none-eabi/lib/thumb/v7e-m/fpv4-sp/hard\libc_nano.a(lib_a-isattyr.o)
                0x0000000008005504                _isatty_r
 .text._lseek_r
                0x0000000008005524       0x24 c:/st/stm32cubeide_1.5.0/stm32cubeide/plugins/com.st.stm32cube.ide.mcu.externaltools.gnu-tools-for-stm32.7-2018-q2-update.win32_1.5.0.202011040924/tools/bin/../lib/gcc/arm-none-eabi/7.3.1/../../../../arm-none-eabi/lib/thumb/v7e-m/fpv4-sp/hard\libc_nano.a(lib_a-lseekr.o)
                0x0000000008005524                _lseek_r
 .text.memcpy   0x0000000008005548       0x16 c:/st/stm32cubeide_1.5.0/stm32cubeide/plugins/com.st.stm32cube.ide.mcu.externaltools.gnu-tools-for-stm32.7-2018-q2-update.win32_1.5.0.202011040924/tools/bin/../lib/gcc/arm-none-eabi/7.3.1/../../../../arm-none-eabi/lib/thumb/v7e-m/fpv4-sp/hard\libc_nano.a(lib_a-memcpy-stub.o)
                0x0000000008005548                memcpy
 .text.memmove  0x000000000800555e       0x32 c:/st/stm32cubeide_1.5.0/stm32cubeide/plugins/com.st.stm32cube.ide.mcu.externaltools.gnu-tools-for-stm32.7-2018-q2-update.win32_1.5.0.202011040924/tools/bin/../lib/gcc/arm-none-eabi/7.3.1/../../../../arm-none-eabi/lib/thumb/v7e-m/fpv4-sp/hard\libc_nano.a(lib_a-memmove.o)
                0x000000000800555e                memmove
 .text.__malloc_lock
                0x0000000008005590        0x2 c:/st/stm32cubeide_1.5.0/stm32cubeide/plugins/com.st.stm32cube.ide.mcu.externaltools.gnu-tools-for-stm32.7-2018-q2-update.win32_1.5.0.202011040924/tools/bin/../lib/gcc/arm-none-eabi/7.3.1/../../../../arm-none-eabi/lib/thumb/v7e-m/fpv4-sp/hard\libc_nano.a(lib_a-mlock.o)
                0x0000000008005590                __malloc_lock
 .text.__malloc_unlock
                0x0000000008005592        0x2 c:/st/stm32cubeide_1.5.0/stm32cubeide/plugins/com.st.stm32cube.ide.mcu.externaltools.gnu-tools-for-stm32.7-2018-q2-update.win32_1.5.0.202011040924/tools/bin/../lib/gcc/arm-none-eabi/7.3.1/../../../../arm-none-eabi/lib/thumb/v7e-m/fpv4-sp/hard\libc_nano.a(lib_a-mlock.o)
                0x0000000008005592                __malloc_unlock
 .text._realloc_r
                0x0000000008005594       0x4c c:/st/stm32cubeide_1.5.0/stm32cubeide/plugins/com.st.stm32cube.ide.mcu.externaltools.gnu-tools-for-stm32.7-2018-q2-update.win32_1.5.0.202011040924/tools/bin/../lib/gcc/arm-none-eabi/7.3.1/../../../../arm-none-eabi/lib/thumb/v7e-m/fpv4-sp/hard\libc_nano.a(lib_a-nano-reallocr.o)
                0x0000000008005594                _realloc_r
 .text._read_r  0x00000000080055e0       0x24 c:/st/stm32cubeide_1.5.0/stm32cubeide/plugins/com.st.stm32cube.ide.mcu.externaltools.gnu-tools-for-stm32.7-2018-q2-update.win32_1.5.0.202011040924/tools/bin/../lib/gcc/arm-none-eabi/7.3.1/../../../../arm-none-eabi/lib/thumb/v7e-m/fpv4-sp/hard\libc_nano.a(lib_a-readr.o)
                0x00000000080055e0                _read_r
 .text._malloc_usable_size_r
                0x0000000008005604       0x10 c:/st/stm32cubeide_1.5.0/stm32cubeide/plugins/com.st.stm32cube.ide.mcu.externaltools.gnu-tools-for-stm32.7-2018-q2-update.win32_1.5.0.202011040924/tools/bin/../lib/gcc/arm-none-eabi/7.3.1/../../../../arm-none-eabi/lib/thumb/v7e-m/fpv4-sp/hard\libc_nano.a(lib_a-nano-msizer.o)
                0x0000000008005604                _malloc_usable_size_r
 *(.glue_7)
 .glue_7        0x0000000008005614        0x0 linker stubs
 *(.glue_7t)
 .glue_7t       0x0000000008005614        0x0 linker stubs
 *(.eh_frame)
 .eh_frame      0x0000000008005614        0x0 c:/st/stm32cubeide_1.5.0/stm32cubeide/plugins/com.st.stm32cube.ide.mcu.externaltools.gnu-tools-for-stm32.7-2018-q2-update.win32_1.5.0.202011040924/tools/bin/../lib/gcc/arm-none-eabi/7.3.1/thumb/v7e-m/fpv4-sp/hard/crtbegin.o
 *(.init)
 .init          0x0000000008005614        0x4 c:/st/stm32cubeide_1.5.0/stm32cubeide/plugins/com.st.stm32cube.ide.mcu.externaltools.gnu-tools-for-stm32.7-2018-q2-update.win32_1.5.0.202011040924/tools/bin/../lib/gcc/arm-none-eabi/7.3.1/thumb/v7e-m/fpv4-sp/hard/crti.o
                0x0000000008005614                _init
 .init          0x0000000008005618        0x8 c:/st/stm32cubeide_1.5.0/stm32cubeide/plugins/com.st.stm32cube.ide.mcu.externaltools.gnu-tools-for-stm32.7-2018-q2-update.win32_1.5.0.202011040924/tools/bin/../lib/gcc/arm-none-eabi/7.3.1/thumb/v7e-m/fpv4-sp/hard/crtn.o
 *(.fini)
 .fini          0x0000000008005620        0x4 c:/st/stm32cubeide_1.5.0/stm32cubeide/plugins/com.st.stm32cube.ide.mcu.externaltools.gnu-tools-for-stm32.7-2018-q2-update.win32_1.5.0.202011040924/tools/bin/../lib/gcc/arm-none-eabi/7.3.1/thumb/v7e-m/fpv4-sp/hard/crti.o
                0x0000000008005620                _fini
 .fini          0x0000000008005624        0x8 c:/st/stm32cubeide_1.5.0/stm32cubeide/plugins/com.st.stm32cube.ide.mcu.externaltools.gnu-tools-for-stm32.7-2018-q2-update.win32_1.5.0.202011040924/tools/bin/../lib/gcc/arm-none-eabi/7.3.1/thumb/v7e-m/fpv4-sp/hard/crtn.o
                0x000000000800562c                . = ALIGN (0x4)
                0x000000000800562c                _etext = .

.vfp11_veneer   0x000000000800562c        0x0
 .vfp11_veneer  0x000000000800562c        0x0 linker stubs

.v4_bx          0x000000000800562c        0x0
 .v4_bx         0x000000000800562c        0x0 linker stubs

.iplt           0x000000000800562c        0x0
 .iplt          0x000000000800562c        0x0 c:/st/stm32cubeide_1.5.0/stm32cubeide/plugins/com.st.stm32cube.ide.mcu.externaltools.gnu-tools-for-stm32.7-2018-q2-update.win32_1.5.0.202011040924/tools/bin/../lib/gcc/arm-none-eabi/7.3.1/thumb/v7e-m/fpv4-sp/hard/crtbegin.o

.rodata         0x000000000800562c      0x110
                0x000000000800562c                . = ALIGN (0x4)
 *(.rodata)
 .rodata        0x000000000800562c        0xe Application/User/Core/main.o
 *fill*         0x000000000800563a        0x2 
 .rodata        0x000000000800563c       0x1d lib/MAX30100/max30100_for_stm32_hal.o
 *(.rodata*)
 *fill*         0x0000000008005659        0x3 
 .rodata.AHBPrescTable
                0x000000000800565c       0x10 Drivers/CMSIS/system_stm32l4xx.o
                0x000000000800565c                AHBPrescTable
 .rodata.APBPrescTable
                0x000000000800566c        0x8 Drivers/CMSIS/system_stm32l4xx.o
                0x000000000800566c                APBPrescTable
 .rodata.MSIRangeTable
                0x0000000008005674       0x30 Drivers/CMSIS/system_stm32l4xx.o
                0x0000000008005674                MSIRangeTable
 .rodata._global_impure_ptr
                0x00000000080056a4        0x4 c:/st/stm32cubeide_1.5.0/stm32cubeide/plugins/com.st.stm32cube.ide.mcu.externaltools.gnu-tools-for-stm32.7-2018-q2-update.win32_1.5.0.202011040924/tools/bin/../lib/gcc/arm-none-eabi/7.3.1/../../../../arm-none-eabi/lib/thumb/v7e-m/fpv4-sp/hard\libc_nano.a(lib_a-impure.o)
                0x00000000080056a4                _global_impure_ptr
 .rodata.__sf_fake_stderr
                0x00000000080056a8       0x20 c:/st/stm32cubeide_1.5.0/stm32cubeide/plugins/com.st.stm32cube.ide.mcu.externaltools.gnu-tools-for-stm32.7-2018-q2-update.win32_1.5.0.202011040924/tools/bin/../lib/gcc/arm-none-eabi/7.3.1/../../../../arm-none-eabi/lib/thumb/v7e-m/fpv4-sp/hard\libc_nano.a(lib_a-findfp.o)
                0x00000000080056a8                __sf_fake_stderr
 .rodata.__sf_fake_stdin
                0x00000000080056c8       0x20 c:/st/stm32cubeide_1.5.0/stm32cubeide/plugins/com.st.stm32cube.ide.mcu.externaltools.gnu-tools-for-stm32.7-2018-q2-update.win32_1.5.0.202011040924/tools/bin/../lib/gcc/arm-none-eabi/7.3.1/../../../../arm-none-eabi/lib/thumb/v7e-m/fpv4-sp/hard\libc_nano.a(lib_a-findfp.o)
                0x00000000080056c8                __sf_fake_stdin
 .rodata.__sf_fake_stdout
                0x00000000080056e8       0x20 c:/st/stm32cubeide_1.5.0/stm32cubeide/plugins/com.st.stm32cube.ide.mcu.externaltools.gnu-tools-for-stm32.7-2018-q2-update.win32_1.5.0.202011040924/tools/bin/../lib/gcc/arm-none-eabi/7.3.1/../../../../arm-none-eabi/lib/thumb/v7e-m/fpv4-sp/hard\libc_nano.a(lib_a-findfp.o)
                0x00000000080056e8                __sf_fake_stdout
 .rodata._svfprintf_r.str1.1
                0x0000000008005708       0x11 c:/st/stm32cubeide_1.5.0/stm32cubeide/plugins/com.st.stm32cube.ide.mcu.externaltools.gnu-tools-for-stm32.7-2018-q2-update.win32_1.5.0.202011040924/tools/bin/../lib/gcc/arm-none-eabi/7.3.1/../../../../arm-none-eabi/lib/thumb/v7e-m/fpv4-sp/hard\libc_nano.a(lib_a-nano-svfprintf.o)
 .rodata._printf_i.str1.1
                0x0000000008005719       0x22 c:/st/stm32cubeide_1.5.0/stm32cubeide/plugins/com.st.stm32cube.ide.mcu.externaltools.gnu-tools-for-stm32.7-2018-q2-update.win32_1.5.0.202011040924/tools/bin/../lib/gcc/arm-none-eabi/7.3.1/../../../../arm-none-eabi/lib/thumb/v7e-m/fpv4-sp/hard\libc_nano.a(lib_a-nano-vfprintf_i.o)
                0x000000000800573c                . = ALIGN (0x4)
 *fill*         0x000000000800573b        0x1 

.ARM.extab      0x000000000800573c        0x0
                0x000000000800573c                . = ALIGN (0x4)
 *(.ARM.extab* .gnu.linkonce.armextab.*)
                0x000000000800573c                . = ALIGN (0x4)

.ARM            0x000000000800573c        0x8
                0x000000000800573c                . = ALIGN (0x4)
                0x000000000800573c                __exidx_start = .
 *(.ARM.exidx*)
 .ARM.exidx     0x000000000800573c        0x8 c:/st/stm32cubeide_1.5.0/stm32cubeide/plugins/com.st.stm32cube.ide.mcu.externaltools.gnu-tools-for-stm32.7-2018-q2-update.win32_1.5.0.202011040924/tools/bin/../lib/gcc/arm-none-eabi/7.3.1/thumb/v7e-m/fpv4-sp/hard\libgcc.a(_udivmoddi4.o)
                0x0000000008005744                __exidx_end = .
                0x0000000008005744                . = ALIGN (0x4)

.rel.dyn        0x0000000008005744        0x0
 .rel.iplt      0x0000000008005744        0x0 c:/st/stm32cubeide_1.5.0/stm32cubeide/plugins/com.st.stm32cube.ide.mcu.externaltools.gnu-tools-for-stm32.7-2018-q2-update.win32_1.5.0.202011040924/tools/bin/../lib/gcc/arm-none-eabi/7.3.1/thumb/v7e-m/fpv4-sp/hard/crtbegin.o

.preinit_array  0x0000000008005744        0x0
                0x0000000008005744                . = ALIGN (0x4)
                0x0000000008005744                PROVIDE (__preinit_array_start = .)
 *(.preinit_array*)
                0x0000000008005744                PROVIDE (__preinit_array_end = .)
                0x0000000008005744                . = ALIGN (0x4)

.init_array     0x0000000008005744        0x4
                0x0000000008005744                . = ALIGN (0x4)
                0x0000000008005744                PROVIDE (__init_array_start = .)
 *(SORT_BY_NAME(.init_array.*))
 *(.init_array*)
 .init_array    0x0000000008005744        0x4 c:/st/stm32cubeide_1.5.0/stm32cubeide/plugins/com.st.stm32cube.ide.mcu.externaltools.gnu-tools-for-stm32.7-2018-q2-update.win32_1.5.0.202011040924/tools/bin/../lib/gcc/arm-none-eabi/7.3.1/thumb/v7e-m/fpv4-sp/hard/crtbegin.o
                0x0000000008005748                PROVIDE (__init_array_end = .)
                0x0000000008005748                . = ALIGN (0x4)

.fini_array     0x0000000008005748        0x4
                0x0000000008005748                . = ALIGN (0x4)
                [!provide]                        PROVIDE (__fini_array_start = .)
 *(SORT_BY_NAME(.fini_array.*))
 *(.fini_array*)
 .fini_array    0x0000000008005748        0x4 c:/st/stm32cubeide_1.5.0/stm32cubeide/plugins/com.st.stm32cube.ide.mcu.externaltools.gnu-tools-for-stm32.7-2018-q2-update.win32_1.5.0.202011040924/tools/bin/../lib/gcc/arm-none-eabi/7.3.1/thumb/v7e-m/fpv4-sp/hard/crtbegin.o
                [!provide]                        PROVIDE (__fini_array_end = .)
                0x000000000800574c                . = ALIGN (0x4)
                0x000000000800574c                _sidata = LOADADDR (.data)

.data           0x0000000020000000       0x70 load address 0x000000000800574c
                0x0000000020000000                . = ALIGN (0x4)
                0x0000000020000000                _sdata = .
 *(.data)
 *(.data*)
 .data.SystemCoreClock
                0x0000000020000000        0x4 Drivers/CMSIS/system_stm32l4xx.o
                0x0000000020000000                SystemCoreClock
 .data.uwTickPrio
                0x0000000020000004        0x4 Drivers/STM32L4xx_HAL_Driver/stm32l4xx_hal.o
                0x0000000020000004                uwTickPrio
 .data.uwTickFreq
                0x0000000020000008        0x1 Drivers/STM32L4xx_HAL_Driver/stm32l4xx_hal.o
                0x0000000020000008                uwTickFreq
 *fill*         0x0000000020000009        0x3 
 .data._impure_ptr
                0x000000002000000c        0x4 c:/st/stm32cubeide_1.5.0/stm32cubeide/plugins/com.st.stm32cube.ide.mcu.externaltools.gnu-tools-for-stm32.7-2018-q2-update.win32_1.5.0.202011040924/tools/bin/../lib/gcc/arm-none-eabi/7.3.1/../../../../arm-none-eabi/lib/thumb/v7e-m/fpv4-sp/hard\libc_nano.a(lib_a-impure.o)
                0x000000002000000c                _impure_ptr
 .data.impure_data
                0x0000000020000010       0x60 c:/st/stm32cubeide_1.5.0/stm32cubeide/plugins/com.st.stm32cube.ide.mcu.externaltools.gnu-tools-for-stm32.7-2018-q2-update.win32_1.5.0.202011040924/tools/bin/../lib/gcc/arm-none-eabi/7.3.1/../../../../arm-none-eabi/lib/thumb/v7e-m/fpv4-sp/hard\libc_nano.a(lib_a-impure.o)
                0x0000000020000070                . = ALIGN (0x4)
                0x0000000020000070                _edata = .

.igot.plt       0x0000000020000070        0x0 load address 0x00000000080057bc
 .igot.plt      0x0000000020000070        0x0 c:/st/stm32cubeide_1.5.0/stm32cubeide/plugins/com.st.stm32cube.ide.mcu.externaltools.gnu-tools-for-stm32.7-2018-q2-update.win32_1.5.0.202011040924/tools/bin/../lib/gcc/arm-none-eabi/7.3.1/thumb/v7e-m/fpv4-sp/hard/crtbegin.o
                0x0000000020000070                . = ALIGN (0x4)

.bss            0x0000000020000070      0x154 load address 0x00000000080057bc
                0x0000000020000070                _sbss = .
                0x0000000020000070                __bss_start__ = _sbss
 *(.bss)
 .bss           0x0000000020000070       0x1c c:/st/stm32cubeide_1.5.0/stm32cubeide/plugins/com.st.stm32cube.ide.mcu.externaltools.gnu-tools-for-stm32.7-2018-q2-update.win32_1.5.0.202011040924/tools/bin/../lib/gcc/arm-none-eabi/7.3.1/thumb/v7e-m/fpv4-sp/hard/crtbegin.o
 *(.bss*)
 .bss.__sbrk_heap_end
                0x000000002000008c        0x4 Application/User/Core/sysmem.o
 .bss.__malloc_free_list
                0x0000000020000090        0x4 c:/st/stm32cubeide_1.5.0/stm32cubeide/plugins/com.st.stm32cube.ide.mcu.externaltools.gnu-tools-for-stm32.7-2018-q2-update.win32_1.5.0.202011040924/tools/bin/../lib/gcc/arm-none-eabi/7.3.1/../../../../arm-none-eabi/lib/thumb/v7e-m/fpv4-sp/hard\libc_nano.a(lib_a-nano-mallocr.o)
                0x0000000020000090                __malloc_free_list
 .bss.__malloc_sbrk_start
                0x0000000020000094        0x4 c:/st/stm32cubeide_1.5.0/stm32cubeide/plugins/com.st.stm32cube.ide.mcu.externaltools.gnu-tools-for-stm32.7-2018-q2-update.win32_1.5.0.202011040924/tools/bin/../lib/gcc/arm-none-eabi/7.3.1/../../../../arm-none-eabi/lib/thumb/v7e-m/fpv4-sp/hard\libc_nano.a(lib_a-nano-mallocr.o)
                0x0000000020000094                __malloc_sbrk_start
 *(COMMON)
 COMMON         0x0000000020000098       0x4c Application/User/Core/i2c.o
                0x0000000020000098                hi2c1
 COMMON         0x00000000200000e4       0x80 Application/User/Core/usart.o
                0x00000000200000e4                huart1
 COMMON         0x0000000020000164        0x4 Drivers/STM32L4xx_HAL_Driver/stm32l4xx_hal.o
                0x0000000020000164                uwTick
 COMMON         0x0000000020000168       0x58 lib/MAX30100/max30100_for_stm32_hal.o
                0x0000000020000168                _max30100_red_current_prev
                0x0000000020000169                _max30100_mode_prev
                0x000000002000016a                _max30100_ir_current
                0x000000002000016c                _max30100_ui2c
                0x0000000020000170                _max30100_red_sample
                0x0000000020000190                _max30100_temp
                0x0000000020000194                _max30100_mode
                0x0000000020000195                _max30100_ir_current_prev
                0x0000000020000198                _max30100_uuart
                0x000000002000019c                _max30100_red_current
                0x00000000200001a0                _max30100_ir_sample
 COMMON         0x00000000200001c0        0x4 c:/st/stm32cubeide_1.5.0/stm32cubeide/plugins/com.st.stm32cube.ide.mcu.externaltools.gnu-tools-for-stm32.7-2018-q2-update.win32_1.5.0.202011040924/tools/bin/../lib/gcc/arm-none-eabi/7.3.1/../../../../arm-none-eabi/lib/thumb/v7e-m/fpv4-sp/hard\libc_nano.a(lib_a-reent.o)
                0x00000000200001c0                errno
                0x00000000200001c4                . = ALIGN (0x4)
                0x00000000200001c4                _ebss = .
                0x00000000200001c4                __bss_end__ = _ebss

._user_heap_stack
                0x00000000200001c4      0x604 load address 0x00000000080057bc
                0x00000000200001c8                . = ALIGN (0x8)
 *fill*         0x00000000200001c4        0x4 
                [!provide]                        PROVIDE (end = .)
                0x00000000200001c8                PROVIDE (_end = .)
                0x00000000200003c8                . = (. + _Min_Heap_Size)
 *fill*         0x00000000200001c8      0x200 
                0x00000000200007c8                . = (. + _Min_Stack_Size)
 *fill*         0x00000000200003c8      0x400 
                0x00000000200007c8                . = ALIGN (0x8)

/DISCARD/
 libc.a(*)
 libm.a(*)
 libgcc.a(*)

.ARM.attributes
                0x0000000000000000       0x30
 *(.ARM.attributes)
 .ARM.attributes
                0x0000000000000000       0x22 c:/st/stm32cubeide_1.5.0/stm32cubeide/plugins/com.st.stm32cube.ide.mcu.externaltools.gnu-tools-for-stm32.7-2018-q2-update.win32_1.5.0.202011040924/tools/bin/../lib/gcc/arm-none-eabi/7.3.1/thumb/v7e-m/fpv4-sp/hard/crti.o
 .ARM.attributes
                0x0000000000000022       0x34 c:/st/stm32cubeide_1.5.0/stm32cubeide/plugins/com.st.stm32cube.ide.mcu.externaltools.gnu-tools-for-stm32.7-2018-q2-update.win32_1.5.0.202011040924/tools/bin/../lib/gcc/arm-none-eabi/7.3.1/thumb/v7e-m/fpv4-sp/hard/crtbegin.o
 .ARM.attributes
                0x0000000000000056       0x39 Application/User/Core/gpio.o
 .ARM.attributes
                0x000000000000008f       0x39 Application/User/Core/i2c.o
 .ARM.attributes
                0x00000000000000c8       0x39 Application/User/Core/main.o
 .ARM.attributes
                0x0000000000000101       0x39 Application/User/Core/stm32l4xx_hal_msp.o
 .ARM.attributes
                0x000000000000013a       0x39 Application/User/Core/stm32l4xx_it.o
 .ARM.attributes
                0x0000000000000173       0x39 Application/User/Core/syscalls.o
 .ARM.attributes
                0x00000000000001ac       0x39 Application/User/Core/sysmem.o
 .ARM.attributes
                0x00000000000001e5       0x39 Application/User/Core/usart.o
 .ARM.attributes
                0x000000000000021e       0x21 Application/User/Startup/startup_stm32l412rbtxp.o
 .ARM.attributes
                0x000000000000023f       0x39 Drivers/CMSIS/system_stm32l4xx.o
 .ARM.attributes
                0x0000000000000278       0x39 Drivers/STM32L4xx_HAL_Driver/stm32l4xx_hal.o
 .ARM.attributes
                0x00000000000002b1       0x39 Drivers/STM32L4xx_HAL_Driver/stm32l4xx_hal_cortex.o
 .ARM.attributes
                0x00000000000002ea       0x39 Drivers/STM32L4xx_HAL_Driver/stm32l4xx_hal_dma.o
 .ARM.attributes
                0x0000000000000323       0x39 Drivers/STM32L4xx_HAL_Driver/stm32l4xx_hal_gpio.o
 .ARM.attributes
                0x000000000000035c       0x39 Drivers/STM32L4xx_HAL_Driver/stm32l4xx_hal_i2c.o
 .ARM.attributes
                0x0000000000000395       0x39 Drivers/STM32L4xx_HAL_Driver/stm32l4xx_hal_i2c_ex.o
 .ARM.attributes
                0x00000000000003ce       0x39 Drivers/STM32L4xx_HAL_Driver/stm32l4xx_hal_pwr_ex.o
 .ARM.attributes
                0x0000000000000407       0x39 Drivers/STM32L4xx_HAL_Driver/stm32l4xx_hal_rcc.o
 .ARM.attributes
                0x0000000000000440       0x39 Drivers/STM32L4xx_HAL_Driver/stm32l4xx_hal_rcc_ex.o
 .ARM.attributes
                0x0000000000000479       0x39 Drivers/STM32L4xx_HAL_Driver/stm32l4xx_hal_uart.o
 .ARM.attributes
                0x00000000000004b2       0x39 lib/MAX30100/max30100_for_stm32_hal.o
 .ARM.attributes
                0x00000000000004eb       0x34 c:/st/stm32cubeide_1.5.0/stm32cubeide/plugins/com.st.stm32cube.ide.mcu.externaltools.gnu-tools-for-stm32.7-2018-q2-update.win32_1.5.0.202011040924/tools/bin/../lib/gcc/arm-none-eabi/7.3.1/../../../../arm-none-eabi/lib/thumb/v7e-m/fpv4-sp/hard\libc_nano.a(lib_a-errno.o)
 .ARM.attributes
                0x000000000000051f       0x34 c:/st/stm32cubeide_1.5.0/stm32cubeide/plugins/com.st.stm32cube.ide.mcu.externaltools.gnu-tools-for-stm32.7-2018-q2-update.win32_1.5.0.202011040924/tools/bin/../lib/gcc/arm-none-eabi/7.3.1/../../../../arm-none-eabi/lib/thumb/v7e-m/fpv4-sp/hard\libc_nano.a(lib_a-impure.o)
 .ARM.attributes
                0x0000000000000553       0x34 c:/st/stm32cubeide_1.5.0/stm32cubeide/plugins/com.st.stm32cube.ide.mcu.externaltools.gnu-tools-for-stm32.7-2018-q2-update.win32_1.5.0.202011040924/tools/bin/../lib/gcc/arm-none-eabi/7.3.1/../../../../arm-none-eabi/lib/thumb/v7e-m/fpv4-sp/hard\libc_nano.a(lib_a-init.o)
 .ARM.attributes
                0x0000000000000587       0x34 c:/st/stm32cubeide_1.5.0/stm32cubeide/plugins/com.st.stm32cube.ide.mcu.externaltools.gnu-tools-for-stm32.7-2018-q2-update.win32_1.5.0.202011040924/tools/bin/../lib/gcc/arm-none-eabi/7.3.1/../../../../arm-none-eabi/lib/thumb/v7e-m/fpv4-sp/hard\libc_nano.a(lib_a-memset.o)
 .ARM.attributes
                0x00000000000005bb       0x34 c:/st/stm32cubeide_1.5.0/stm32cubeide/plugins/com.st.stm32cube.ide.mcu.externaltools.gnu-tools-for-stm32.7-2018-q2-update.win32_1.5.0.202011040924/tools/bin/../lib/gcc/arm-none-eabi/7.3.1/../../../../arm-none-eabi/lib/thumb/v7e-m/fpv4-sp/hard\libc_nano.a(lib_a-puts.o)
 .ARM.attributes
                0x00000000000005ef       0x34 c:/st/stm32cubeide_1.5.0/stm32cubeide/plugins/com.st.stm32cube.ide.mcu.externaltools.gnu-tools-for-stm32.7-2018-q2-update.win32_1.5.0.202011040924/tools/bin/../lib/gcc/arm-none-eabi/7.3.1/../../../../arm-none-eabi/lib/thumb/v7e-m/fpv4-sp/hard\libc_nano.a(lib_a-sprintf.o)
 .ARM.attributes
                0x0000000000000623       0x1b c:/st/stm32cubeide_1.5.0/stm32cubeide/plugins/com.st.stm32cube.ide.mcu.externaltools.gnu-tools-for-stm32.7-2018-q2-update.win32_1.5.0.202011040924/tools/bin/../lib/gcc/arm-none-eabi/7.3.1/../../../../arm-none-eabi/lib/thumb/v7e-m/fpv4-sp/hard\libc_nano.a(lib_a-strlen.o)
 .ARM.attributes
                0x000000000000063e       0x34 c:/st/stm32cubeide_1.5.0/stm32cubeide/plugins/com.st.stm32cube.ide.mcu.externaltools.gnu-tools-for-stm32.7-2018-q2-update.win32_1.5.0.202011040924/tools/bin/../lib/gcc/arm-none-eabi/7.3.1/../../../../arm-none-eabi/lib/thumb/v7e-m/fpv4-sp/hard\libc_nano.a(lib_a-wbuf.o)
 .ARM.attributes
                0x0000000000000672       0x34 c:/st/stm32cubeide_1.5.0/stm32cubeide/plugins/com.st.stm32cube.ide.mcu.externaltools.gnu-tools-for-stm32.7-2018-q2-update.win32_1.5.0.202011040924/tools/bin/../lib/gcc/arm-none-eabi/7.3.1/../../../../arm-none-eabi/lib/thumb/v7e-m/fpv4-sp/hard\libc_nano.a(lib_a-wsetup.o)
 .ARM.attributes
                0x00000000000006a6       0x34 c:/st/stm32cubeide_1.5.0/stm32cubeide/plugins/com.st.stm32cube.ide.mcu.externaltools.gnu-tools-for-stm32.7-2018-q2-update.win32_1.5.0.202011040924/tools/bin/../lib/gcc/arm-none-eabi/7.3.1/../../../../arm-none-eabi/lib/thumb/v7e-m/fpv4-sp/hard\libc_nano.a(lib_a-fflush.o)
 .ARM.attributes
                0x00000000000006da       0x34 c:/st/stm32cubeide_1.5.0/stm32cubeide/plugins/com.st.stm32cube.ide.mcu.externaltools.gnu-tools-for-stm32.7-2018-q2-update.win32_1.5.0.202011040924/tools/bin/../lib/gcc/arm-none-eabi/7.3.1/../../../../arm-none-eabi/lib/thumb/v7e-m/fpv4-sp/hard\libc_nano.a(lib_a-findfp.o)
 .ARM.attributes
                0x000000000000070e       0x34 c:/st/stm32cubeide_1.5.0/stm32cubeide/plugins/com.st.stm32cube.ide.mcu.externaltools.gnu-tools-for-stm32.7-2018-q2-update.win32_1.5.0.202011040924/tools/bin/../lib/gcc/arm-none-eabi/7.3.1/../../../../arm-none-eabi/lib/thumb/v7e-m/fpv4-sp/hard\libc_nano.a(lib_a-fwalk.o)
 .ARM.attributes
                0x0000000000000742       0x34 c:/st/stm32cubeide_1.5.0/stm32cubeide/plugins/com.st.stm32cube.ide.mcu.externaltools.gnu-tools-for-stm32.7-2018-q2-update.win32_1.5.0.202011040924/tools/bin/../lib/gcc/arm-none-eabi/7.3.1/../../../../arm-none-eabi/lib/thumb/v7e-m/fpv4-sp/hard\libc_nano.a(lib_a-makebuf.o)
 .ARM.attributes
                0x0000000000000776       0x34 c:/st/stm32cubeide_1.5.0/stm32cubeide/plugins/com.st.stm32cube.ide.mcu.externaltools.gnu-tools-for-stm32.7-2018-q2-update.win32_1.5.0.202011040924/tools/bin/../lib/gcc/arm-none-eabi/7.3.1/../../../../arm-none-eabi/lib/thumb/v7e-m/fpv4-sp/hard\libc_nano.a(lib_a-nano-freer.o)
 .ARM.attributes
                0x00000000000007aa       0x34 c:/st/stm32cubeide_1.5.0/stm32cubeide/plugins/com.st.stm32cube.ide.mcu.externaltools.gnu-tools-for-stm32.7-2018-q2-update.win32_1.5.0.202011040924/tools/bin/../lib/gcc/arm-none-eabi/7.3.1/../../../../arm-none-eabi/lib/thumb/v7e-m/fpv4-sp/hard\libc_nano.a(lib_a-nano-mallocr.o)
 .ARM.attributes
                0x00000000000007de       0x34 c:/st/stm32cubeide_1.5.0/stm32cubeide/plugins/com.st.stm32cube.ide.mcu.externaltools.gnu-tools-for-stm32.7-2018-q2-update.win32_1.5.0.202011040924/tools/bin/../lib/gcc/arm-none-eabi/7.3.1/../../../../arm-none-eabi/lib/thumb/v7e-m/fpv4-sp/hard\libc_nano.a(lib_a-nano-svfprintf.o)
 .ARM.attributes
                0x0000000000000812       0x34 c:/st/stm32cubeide_1.5.0/stm32cubeide/plugins/com.st.stm32cube.ide.mcu.externaltools.gnu-tools-for-stm32.7-2018-q2-update.win32_1.5.0.202011040924/tools/bin/../lib/gcc/arm-none-eabi/7.3.1/../../../../arm-none-eabi/lib/thumb/v7e-m/fpv4-sp/hard\libc_nano.a(lib_a-nano-vfprintf_i.o)
 .ARM.attributes
                0x0000000000000846       0x34 c:/st/stm32cubeide_1.5.0/stm32cubeide/plugins/com.st.stm32cube.ide.mcu.externaltools.gnu-tools-for-stm32.7-2018-q2-update.win32_1.5.0.202011040924/tools/bin/../lib/gcc/arm-none-eabi/7.3.1/../../../../arm-none-eabi/lib/thumb/v7e-m/fpv4-sp/hard\libc_nano.a(lib_a-sbrkr.o)
 .ARM.attributes
                0x000000000000087a       0x34 c:/st/stm32cubeide_1.5.0/stm32cubeide/plugins/com.st.stm32cube.ide.mcu.externaltools.gnu-tools-for-stm32.7-2018-q2-update.win32_1.5.0.202011040924/tools/bin/../lib/gcc/arm-none-eabi/7.3.1/../../../../arm-none-eabi/lib/thumb/v7e-m/fpv4-sp/hard\libc_nano.a(lib_a-stdio.o)
 .ARM.attributes
                0x00000000000008ae       0x34 c:/st/stm32cubeide_1.5.0/stm32cubeide/plugins/com.st.stm32cube.ide.mcu.externaltools.gnu-tools-for-stm32.7-2018-q2-update.win32_1.5.0.202011040924/tools/bin/../lib/gcc/arm-none-eabi/7.3.1/../../../../arm-none-eabi/lib/thumb/v7e-m/fpv4-sp/hard\libc_nano.a(lib_a-writer.o)
 .ARM.attributes
                0x00000000000008e2       0x34 c:/st/stm32cubeide_1.5.0/stm32cubeide/plugins/com.st.stm32cube.ide.mcu.externaltools.gnu-tools-for-stm32.7-2018-q2-update.win32_1.5.0.202011040924/tools/bin/../lib/gcc/arm-none-eabi/7.3.1/../../../../arm-none-eabi/lib/thumb/v7e-m/fpv4-sp/hard\libc_nano.a(lib_a-closer.o)
 .ARM.attributes
                0x0000000000000916       0x34 c:/st/stm32cubeide_1.5.0/stm32cubeide/plugins/com.st.stm32cube.ide.mcu.externaltools.gnu-tools-for-stm32.7-2018-q2-update.win32_1.5.0.202011040924/tools/bin/../lib/gcc/arm-none-eabi/7.3.1/../../../../arm-none-eabi/lib/thumb/v7e-m/fpv4-sp/hard\libc_nano.a(lib_a-fstatr.o)
 .ARM.attributes
                0x000000000000094a       0x34 c:/st/stm32cubeide_1.5.0/stm32cubeide/plugins/com.st.stm32cube.ide.mcu.externaltools.gnu-tools-for-stm32.7-2018-q2-update.win32_1.5.0.202011040924/tools/bin/../lib/gcc/arm-none-eabi/7.3.1/../../../../arm-none-eabi/lib/thumb/v7e-m/fpv4-sp/hard\libc_nano.a(lib_a-isattyr.o)
 .ARM.attributes
                0x000000000000097e       0x34 c:/st/stm32cubeide_1.5.0/stm32cubeide/plugins/com.st.stm32cube.ide.mcu.externaltools.gnu-tools-for-stm32.7-2018-q2-update.win32_1.5.0.202011040924/tools/bin/../lib/gcc/arm-none-eabi/7.3.1/../../../../arm-none-eabi/lib/thumb/v7e-m/fpv4-sp/hard\libc_nano.a(lib_a-lseekr.o)
 .ARM.attributes
                0x00000000000009b2       0x20 c:/st/stm32cubeide_1.5.0/stm32cubeide/plugins/com.st.stm32cube.ide.mcu.externaltools.gnu-tools-for-stm32.7-2018-q2-update.win32_1.5.0.202011040924/tools/bin/../lib/gcc/arm-none-eabi/7.3.1/../../../../arm-none-eabi/lib/thumb/v7e-m/fpv4-sp/hard\libc_nano.a(lib_a-memchr.o)
 .ARM.attributes
                0x00000000000009d2       0x34 c:/st/stm32cubeide_1.5.0/stm32cubeide/plugins/com.st.stm32cube.ide.mcu.externaltools.gnu-tools-for-stm32.7-2018-q2-update.win32_1.5.0.202011040924/tools/bin/../lib/gcc/arm-none-eabi/7.3.1/../../../../arm-none-eabi/lib/thumb/v7e-m/fpv4-sp/hard\libc_nano.a(lib_a-memcpy-stub.o)
 .ARM.attributes
                0x0000000000000a06       0x34 c:/st/stm32cubeide_1.5.0/stm32cubeide/plugins/com.st.stm32cube.ide.mcu.externaltools.gnu-tools-for-stm32.7-2018-q2-update.win32_1.5.0.202011040924/tools/bin/../lib/gcc/arm-none-eabi/7.3.1/../../../../arm-none-eabi/lib/thumb/v7e-m/fpv4-sp/hard\libc_nano.a(lib_a-memmove.o)
 .ARM.attributes
                0x0000000000000a3a       0x34 c:/st/stm32cubeide_1.5.0/stm32cubeide/plugins/com.st.stm32cube.ide.mcu.externaltools.gnu-tools-for-stm32.7-2018-q2-update.win32_1.5.0.202011040924/tools/bin/../lib/gcc/arm-none-eabi/7.3.1/../../../../arm-none-eabi/lib/thumb/v7e-m/fpv4-sp/hard\libc_nano.a(lib_a-mlock.o)
 .ARM.attributes
                0x0000000000000a6e       0x34 c:/st/stm32cubeide_1.5.0/stm32cubeide/plugins/com.st.stm32cube.ide.mcu.externaltools.gnu-tools-for-stm32.7-2018-q2-update.win32_1.5.0.202011040924/tools/bin/../lib/gcc/arm-none-eabi/7.3.1/../../../../arm-none-eabi/lib/thumb/v7e-m/fpv4-sp/hard\libc_nano.a(lib_a-nano-reallocr.o)
 .ARM.attributes
                0x0000000000000aa2       0x34 c:/st/stm32cubeide_1.5.0/stm32cubeide/plugins/com.st.stm32cube.ide.mcu.externaltools.gnu-tools-for-stm32.7-2018-q2-update.win32_1.5.0.202011040924/tools/bin/../lib/gcc/arm-none-eabi/7.3.1/../../../../arm-none-eabi/lib/thumb/v7e-m/fpv4-sp/hard\libc_nano.a(lib_a-readr.o)
 .ARM.attributes
                0x0000000000000ad6       0x34 c:/st/stm32cubeide_1.5.0/stm32cubeide/plugins/com.st.stm32cube.ide.mcu.externaltools.gnu-tools-for-stm32.7-2018-q2-update.win32_1.5.0.202011040924/tools/bin/../lib/gcc/arm-none-eabi/7.3.1/../../../../arm-none-eabi/lib/thumb/v7e-m/fpv4-sp/hard\libc_nano.a(lib_a-reent.o)
 .ARM.attributes
                0x0000000000000b0a       0x34 c:/st/stm32cubeide_1.5.0/stm32cubeide/plugins/com.st.stm32cube.ide.mcu.externaltools.gnu-tools-for-stm32.7-2018-q2-update.win32_1.5.0.202011040924/tools/bin/../lib/gcc/arm-none-eabi/7.3.1/../../../../arm-none-eabi/lib/thumb/v7e-m/fpv4-sp/hard\libc_nano.a(lib_a-nano-msizer.o)
 .ARM.attributes
                0x0000000000000b3e       0x22 c:/st/stm32cubeide_1.5.0/stm32cubeide/plugins/com.st.stm32cube.ide.mcu.externaltools.gnu-tools-for-stm32.7-2018-q2-update.win32_1.5.0.202011040924/tools/bin/../lib/gcc/arm-none-eabi/7.3.1/thumb/v7e-m/fpv4-sp/hard\libgcc.a(_aeabi_uldivmod.o)
 .ARM.attributes
                0x0000000000000b60       0x34 c:/st/stm32cubeide_1.5.0/stm32cubeide/plugins/com.st.stm32cube.ide.mcu.externaltools.gnu-tools-for-stm32.7-2018-q2-update.win32_1.5.0.202011040924/tools/bin/../lib/gcc/arm-none-eabi/7.3.1/thumb/v7e-m/fpv4-sp/hard\libgcc.a(_udivmoddi4.o)
 .ARM.attributes
                0x0000000000000b94       0x22 c:/st/stm32cubeide_1.5.0/stm32cubeide/plugins/com.st.stm32cube.ide.mcu.externaltools.gnu-tools-for-stm32.7-2018-q2-update.win32_1.5.0.202011040924/tools/bin/../lib/gcc/arm-none-eabi/7.3.1/thumb/v7e-m/fpv4-sp/hard\libgcc.a(_dvmd_tls.o)
 .ARM.attributes
                0x0000000000000bb6       0x22 c:/st/stm32cubeide_1.5.0/stm32cubeide/plugins/com.st.stm32cube.ide.mcu.externaltools.gnu-tools-for-stm32.7-2018-q2-update.win32_1.5.0.202011040924/tools/bin/../lib/gcc/arm-none-eabi/7.3.1/thumb/v7e-m/fpv4-sp/hard/crtn.o
OUTPUT(6_ADC_I2C.elf elf32-littlearm)

.debug_info     0x0000000000000000    0x12205
 .debug_info    0x0000000000000000      0x7f1 Application/User/Core/gpio.o
 .debug_info    0x00000000000007f1      0xcf9 Application/User/Core/i2c.o
 .debug_info    0x00000000000014ea     0x1817 Application/User/Core/main.o
 .debug_info    0x0000000000002d01      0x506 Application/User/Core/stm32l4xx_hal_msp.o
 .debug_info    0x0000000000003207     0x1424 Application/User/Core/stm32l4xx_it.o
 .debug_info    0x000000000000462b      0xebd Application/User/Core/syscalls.o
 .debug_info    0x00000000000054e8      0x985 Application/User/Core/sysmem.o
 .debug_info    0x0000000000005e6d      0xbab Application/User/Core/usart.o
 .debug_info    0x0000000000006a18       0x22 Application/User/Startup/startup_stm32l412rbtxp.o
 .debug_info    0x0000000000006a3a      0x734 Drivers/CMSIS/system_stm32l4xx.o
 .debug_info    0x000000000000716e      0xab7 Drivers/STM32L4xx_HAL_Driver/stm32l4xx_hal.o
 .debug_info    0x0000000000007c25      0xed7 Drivers/STM32L4xx_HAL_Driver/stm32l4xx_hal_cortex.o
 .debug_info    0x0000000000008afc      0x8f2 Drivers/STM32L4xx_HAL_Driver/stm32l4xx_hal_dma.o
 .debug_info    0x00000000000093ee      0x9c2 Drivers/STM32L4xx_HAL_Driver/stm32l4xx_hal_gpio.o
 .debug_info    0x0000000000009db0     0x210d Drivers/STM32L4xx_HAL_Driver/stm32l4xx_hal_i2c.o
 .debug_info    0x000000000000bebd      0xb7f Drivers/STM32L4xx_HAL_Driver/stm32l4xx_hal_i2c_ex.o
 .debug_info    0x000000000000ca3c      0xb23 Drivers/STM32L4xx_HAL_Driver/stm32l4xx_hal_pwr_ex.o
 .debug_info    0x000000000000d55f      0xcfb Drivers/STM32L4xx_HAL_Driver/stm32l4xx_hal_rcc.o
 .debug_info    0x000000000000e25a      0xe17 Drivers/STM32L4xx_HAL_Driver/stm32l4xx_hal_rcc_ex.o
 .debug_info    0x000000000000f071     0x183d Drivers/STM32L4xx_HAL_Driver/stm32l4xx_hal_uart.o
 .debug_info    0x00000000000108ae     0x1957 lib/MAX30100/max30100_for_stm32_hal.o

.debug_abbrev   0x0000000000000000     0x260b
 .debug_abbrev  0x0000000000000000      0x13d Application/User/Core/gpio.o
 .debug_abbrev  0x000000000000013d      0x1ad Application/User/Core/i2c.o
 .debug_abbrev  0x00000000000002ea      0x261 Application/User/Core/main.o
 .debug_abbrev  0x000000000000054b      0x125 Application/User/Core/stm32l4xx_hal_msp.o
 .debug_abbrev  0x0000000000000670      0x1ba Application/User/Core/stm32l4xx_it.o
 .debug_abbrev  0x000000000000082a      0x261 Application/User/Core/syscalls.o
 .debug_abbrev  0x0000000000000a8b      0x19b Application/User/Core/sysmem.o
 .debug_abbrev  0x0000000000000c26      0x199 Application/User/Core/usart.o
 .debug_abbrev  0x0000000000000dbf       0x12 Application/User/Startup/startup_stm32l412rbtxp.o
 .debug_abbrev  0x0000000000000dd1      0x150 Drivers/CMSIS/system_stm32l4xx.o
 .debug_abbrev  0x0000000000000f21      0x1e1 Drivers/STM32L4xx_HAL_Driver/stm32l4xx_hal.o
 .debug_abbrev  0x0000000000001102      0x2fa Drivers/STM32L4xx_HAL_Driver/stm32l4xx_hal_cortex.o
 .debug_abbrev  0x00000000000013fc      0x1d9 Drivers/STM32L4xx_HAL_Driver/stm32l4xx_hal_dma.o
 .debug_abbrev  0x00000000000015d5      0x1c0 Drivers/STM32L4xx_HAL_Driver/stm32l4xx_hal_gpio.o
 .debug_abbrev  0x0000000000001795      0x22a Drivers/STM32L4xx_HAL_Driver/stm32l4xx_hal_i2c.o
 .debug_abbrev  0x00000000000019bf      0x1b9 Drivers/STM32L4xx_HAL_Driver/stm32l4xx_hal_i2c_ex.o
 .debug_abbrev  0x0000000000001b78      0x1cb Drivers/STM32L4xx_HAL_Driver/stm32l4xx_hal_pwr_ex.o
 .debug_abbrev  0x0000000000001d43      0x250 Drivers/STM32L4xx_HAL_Driver/stm32l4xx_hal_rcc.o
 .debug_abbrev  0x0000000000001f93      0x204 Drivers/STM32L4xx_HAL_Driver/stm32l4xx_hal_rcc_ex.o
 .debug_abbrev  0x0000000000002197      0x205 Drivers/STM32L4xx_HAL_Driver/stm32l4xx_hal_uart.o
 .debug_abbrev  0x000000000000239c      0x26f lib/MAX30100/max30100_for_stm32_hal.o

.debug_aranges  0x0000000000000000      0xda0
 .debug_aranges
                0x0000000000000000       0x20 Application/User/Core/gpio.o
 .debug_aranges
                0x0000000000000020       0x30 Application/User/Core/i2c.o
 .debug_aranges
                0x0000000000000050       0x48 Application/User/Core/main.o
 .debug_aranges
                0x0000000000000098       0x20 Application/User/Core/stm32l4xx_hal_msp.o
 .debug_aranges
                0x00000000000000b8       0x78 Application/User/Core/stm32l4xx_it.o
 .debug_aranges
                0x0000000000000130       0xa8 Application/User/Core/syscalls.o
 .debug_aranges
                0x00000000000001d8       0x20 Application/User/Core/sysmem.o
 .debug_aranges
                0x00000000000001f8       0x30 Application/User/Core/usart.o
 .debug_aranges
                0x0000000000000228       0x28 Application/User/Startup/startup_stm32l412rbtxp.o
 .debug_aranges
                0x0000000000000250       0x28 Drivers/CMSIS/system_stm32l4xx.o
 .debug_aranges
                0x0000000000000278      0x108 Drivers/STM32L4xx_HAL_Driver/stm32l4xx_hal.o
 .debug_aranges
                0x0000000000000380      0x118 Drivers/STM32L4xx_HAL_Driver/stm32l4xx_hal_cortex.o
 .debug_aranges
                0x0000000000000498       0x80 Drivers/STM32L4xx_HAL_Driver/stm32l4xx_hal_dma.o
 .debug_aranges
                0x0000000000000518       0x58 Drivers/STM32L4xx_HAL_Driver/stm32l4xx_hal_gpio.o
 .debug_aranges
                0x0000000000000570      0x290 Drivers/STM32L4xx_HAL_Driver/stm32l4xx_hal_i2c.o
 .debug_aranges
                0x0000000000000800       0x48 Drivers/STM32L4xx_HAL_Driver/stm32l4xx_hal_i2c_ex.o
 .debug_aranges
                0x0000000000000848      0x148 Drivers/STM32L4xx_HAL_Driver/stm32l4xx_hal_pwr_ex.o
 .debug_aranges
                0x0000000000000990       0x88 Drivers/STM32L4xx_HAL_Driver/stm32l4xx_hal_rcc.o
 .debug_aranges
                0x0000000000000a18       0xd0 Drivers/STM32L4xx_HAL_Driver/stm32l4xx_hal_rcc_ex.o
 .debug_aranges
                0x0000000000000ae8      0x210 Drivers/STM32L4xx_HAL_Driver/stm32l4xx_hal_uart.o
 .debug_aranges
                0x0000000000000cf8       0xa8 lib/MAX30100/max30100_for_stm32_hal.o

.debug_ranges   0x0000000000000000      0xc58
 .debug_ranges  0x0000000000000000       0x10 Application/User/Core/gpio.o
 .debug_ranges  0x0000000000000010       0x20 Application/User/Core/i2c.o
 .debug_ranges  0x0000000000000030       0x38 Application/User/Core/main.o
 .debug_ranges  0x0000000000000068       0x10 Application/User/Core/stm32l4xx_hal_msp.o
 .debug_ranges  0x0000000000000078       0x68 Application/User/Core/stm32l4xx_it.o
 .debug_ranges  0x00000000000000e0       0x98 Application/User/Core/syscalls.o
 .debug_ranges  0x0000000000000178       0x10 Application/User/Core/sysmem.o
 .debug_ranges  0x0000000000000188       0x20 Application/User/Core/usart.o
 .debug_ranges  0x00000000000001a8       0x20 Application/User/Startup/startup_stm32l412rbtxp.o
 .debug_ranges  0x00000000000001c8       0x18 Drivers/CMSIS/system_stm32l4xx.o
 .debug_ranges  0x00000000000001e0       0xf8 Drivers/STM32L4xx_HAL_Driver/stm32l4xx_hal.o
 .debug_ranges  0x00000000000002d8      0x108 Drivers/STM32L4xx_HAL_Driver/stm32l4xx_hal_cortex.o
 .debug_ranges  0x00000000000003e0       0x70 Drivers/STM32L4xx_HAL_Driver/stm32l4xx_hal_dma.o
 .debug_ranges  0x0000000000000450       0x48 Drivers/STM32L4xx_HAL_Driver/stm32l4xx_hal_gpio.o
 .debug_ranges  0x0000000000000498      0x280 Drivers/STM32L4xx_HAL_Driver/stm32l4xx_hal_i2c.o
 .debug_ranges  0x0000000000000718       0x38 Drivers/STM32L4xx_HAL_Driver/stm32l4xx_hal_i2c_ex.o
 .debug_ranges  0x0000000000000750      0x138 Drivers/STM32L4xx_HAL_Driver/stm32l4xx_hal_pwr_ex.o
 .debug_ranges  0x0000000000000888       0x78 Drivers/STM32L4xx_HAL_Driver/stm32l4xx_hal_rcc.o
 .debug_ranges  0x0000000000000900       0xc0 Drivers/STM32L4xx_HAL_Driver/stm32l4xx_hal_rcc_ex.o
 .debug_ranges  0x00000000000009c0      0x200 Drivers/STM32L4xx_HAL_Driver/stm32l4xx_hal_uart.o
 .debug_ranges  0x0000000000000bc0       0x98 lib/MAX30100/max30100_for_stm32_hal.o

.debug_macro    0x0000000000000000    0x1b716
 .debug_macro   0x0000000000000000      0x1d8 Application/User/Core/gpio.o
 .debug_macro   0x00000000000001d8      0xa5a Application/User/Core/gpio.o
 .debug_macro   0x0000000000000c32      0x1a7 Application/User/Core/gpio.o
 .debug_macro   0x0000000000000dd9       0x2e Application/User/Core/gpio.o
 .debug_macro   0x0000000000000e07       0x28 Application/User/Core/gpio.o
 .debug_macro   0x0000000000000e2f       0x22 Application/User/Core/gpio.o
 .debug_macro   0x0000000000000e51       0x8e Application/User/Core/gpio.o
 .debug_macro   0x0000000000000edf       0x51 Application/User/Core/gpio.o
 .debug_macro   0x0000000000000f30       0xef Application/User/Core/gpio.o
 .debug_macro   0x000000000000101f       0x6a Application/User/Core/gpio.o
 .debug_macro   0x0000000000001089      0x1df Application/User/Core/gpio.o
 .debug_macro   0x0000000000001268       0x1c Application/User/Core/gpio.o
 .debug_macro   0x0000000000001284       0x22 Application/User/Core/gpio.o
 .debug_macro   0x00000000000012a6      0x101 Application/User/Core/gpio.o
 .debug_macro   0x00000000000013a7     0x1011 Application/User/Core/gpio.o
 .debug_macro   0x00000000000023b8      0x11f Application/User/Core/gpio.o
 .debug_macro   0x00000000000024d7     0xe4b1 Application/User/Core/gpio.o
 .debug_macro   0x0000000000010988       0x43 Application/User/Core/gpio.o
 .debug_macro   0x00000000000109cb     0x3889 Application/User/Core/gpio.o
 .debug_macro   0x0000000000014254      0x174 Application/User/Core/gpio.o
 .debug_macro   0x00000000000143c8       0x5c Application/User/Core/gpio.o
 .debug_macro   0x0000000000014424     0x101f Application/User/Core/gpio.o
 .debug_macro   0x0000000000015443      0x494 Application/User/Core/gpio.o
 .debug_macro   0x00000000000158d7      0x13d Application/User/Core/gpio.o
 .debug_macro   0x0000000000015a14       0xd7 Application/User/Core/gpio.o
 .debug_macro   0x0000000000015aeb      0x26b Application/User/Core/gpio.o
 .debug_macro   0x0000000000015d56      0x23d Application/User/Core/gpio.o
 .debug_macro   0x0000000000015f93      0x21d Application/User/Core/gpio.o
 .debug_macro   0x00000000000161b0      0x375 Application/User/Core/gpio.o
 .debug_macro   0x0000000000016525       0xd6 Application/User/Core/gpio.o
 .debug_macro   0x00000000000165fb      0x22c Application/User/Core/gpio.o
 .debug_macro   0x0000000000016827       0x61 Application/User/Core/gpio.o
 .debug_macro   0x0000000000016888       0xa5 Application/User/Core/gpio.o
 .debug_macro   0x000000000001692d      0x122 Application/User/Core/gpio.o
 .debug_macro   0x0000000000016a4f      0x365 Application/User/Core/gpio.o
 .debug_macro   0x0000000000016db4      0x59e Application/User/Core/gpio.o
 .debug_macro   0x0000000000017352       0x44 Application/User/Core/gpio.o
 .debug_macro   0x0000000000017396      0x221 Application/User/Core/gpio.o
 .debug_macro   0x00000000000175b7      0x1d8 Application/User/Core/i2c.o
 .debug_macro   0x000000000001778f      0x397 Application/User/Core/main.o
 .debug_macro   0x0000000000017b26       0x46 Application/User/Core/main.o
 .debug_macro   0x0000000000017b6c       0x18 Application/User/Core/main.o
 .debug_macro   0x0000000000017b84       0x3c Application/User/Core/main.o
 .debug_macro   0x0000000000017bc0       0x34 Application/User/Core/main.o
 .debug_macro   0x0000000000017bf4       0x16 Application/User/Core/main.o
 .debug_macro   0x0000000000017c0a       0x35 Application/User/Core/main.o
 .debug_macro   0x0000000000017c3f      0x32a Application/User/Core/main.o
 .debug_macro   0x0000000000017f69       0x10 Application/User/Core/main.o
 .debug_macro   0x0000000000017f79       0x52 Application/User/Core/main.o
 .debug_macro   0x0000000000017fcb       0x1f Application/User/Core/main.o
 .debug_macro   0x0000000000017fea       0x43 Application/User/Core/main.o
 .debug_macro   0x000000000001802d       0x20 Application/User/Core/main.o
 .debug_macro   0x000000000001804d      0x1a3 Application/User/Core/main.o
 .debug_macro   0x00000000000181f0       0x10 Application/User/Core/main.o
 .debug_macro   0x0000000000018200       0x1c Application/User/Core/main.o
 .debug_macro   0x000000000001821c       0x52 Application/User/Core/main.o
 .debug_macro   0x000000000001826e       0x40 Application/User/Core/main.o
 .debug_macro   0x00000000000182ae       0x10 Application/User/Core/main.o
 .debug_macro   0x00000000000182be       0x40 Application/User/Core/main.o
 .debug_macro   0x00000000000182fe       0xd7 Application/User/Core/main.o
 .debug_macro   0x00000000000183d5       0x1c Application/User/Core/main.o
 .debug_macro   0x00000000000183f1       0x3d Application/User/Core/main.o
 .debug_macro   0x000000000001842e       0x16 Application/User/Core/main.o
 .debug_macro   0x0000000000018444      0x145 Application/User/Core/main.o
 .debug_macro   0x0000000000018589       0x16 Application/User/Core/main.o
 .debug_macro   0x000000000001859f       0x20 Application/User/Core/main.o
 .debug_macro   0x00000000000185bf       0xe8 Application/User/Core/main.o
 .debug_macro   0x00000000000186a7      0x1ce Application/User/Core/stm32l4xx_hal_msp.o
 .debug_macro   0x0000000000018875      0x2a8 Application/User/Core/stm32l4xx_it.o
 .debug_macro   0x0000000000018b1d       0x10 Application/User/Core/stm32l4xx_it.o
 .debug_macro   0x0000000000018b2d       0xe2 Application/User/Core/stm32l4xx_it.o
 .debug_macro   0x0000000000018c0f      0x243 Application/User/Core/syscalls.o
 .debug_macro   0x0000000000018e52       0x40 Application/User/Core/syscalls.o
 .debug_macro   0x0000000000018e92       0x94 Application/User/Core/syscalls.o
 .debug_macro   0x0000000000018f26       0x57 Application/User/Core/syscalls.o
 .debug_macro   0x0000000000018f7d      0x330 Application/User/Core/syscalls.o
 .debug_macro   0x00000000000192ad       0x10 Application/User/Core/syscalls.o
 .debug_macro   0x00000000000192bd       0x10 Application/User/Core/syscalls.o
 .debug_macro   0x00000000000192cd       0x10 Application/User/Core/syscalls.o
 .debug_macro   0x00000000000192dd       0x35 Application/User/Core/syscalls.o
 .debug_macro   0x0000000000019312      0x122 Application/User/Core/syscalls.o
 .debug_macro   0x0000000000019434       0x16 Application/User/Core/syscalls.o
 .debug_macro   0x000000000001944a       0x16 Application/User/Core/syscalls.o
 .debug_macro   0x0000000000019460       0x29 Application/User/Core/syscalls.o
 .debug_macro   0x0000000000019489       0x10 Application/User/Core/syscalls.o
 .debug_macro   0x0000000000019499      0x241 Application/User/Core/syscalls.o
 .debug_macro   0x00000000000196da       0x1c Application/User/Core/syscalls.o
 .debug_macro   0x00000000000196f6       0x10 Application/User/Core/syscalls.o
 .debug_macro   0x0000000000019706      0x189 Application/User/Core/syscalls.o
 .debug_macro   0x000000000001988f       0x16 Application/User/Core/syscalls.o
 .debug_macro   0x00000000000198a5       0x88 Application/User/Core/syscalls.o
 .debug_macro   0x000000000001992d       0xee Application/User/Core/sysmem.o
 .debug_macro   0x0000000000019a1b      0x23b Application/User/Core/sysmem.o
 .debug_macro   0x0000000000019c56      0x1d8 Application/User/Core/usart.o
 .debug_macro   0x0000000000019e2e      0x1ca Drivers/CMSIS/system_stm32l4xx.o
 .debug_macro   0x0000000000019ff8      0x20c Drivers/STM32L4xx_HAL_Driver/stm32l4xx_hal.o
 .debug_macro   0x000000000001a204      0x1c4 Drivers/STM32L4xx_HAL_Driver/stm32l4xx_hal_cortex.o
 .debug_macro   0x000000000001a3c8      0x1c4 Drivers/STM32L4xx_HAL_Driver/stm32l4xx_hal_dma.o
 .debug_macro   0x000000000001a58c      0x203 Drivers/STM32L4xx_HAL_Driver/stm32l4xx_hal_gpio.o
 .debug_macro   0x000000000001a78f      0x289 Drivers/STM32L4xx_HAL_Driver/stm32l4xx_hal_i2c.o
 .debug_macro   0x000000000001aa18      0x1c4 Drivers/STM32L4xx_HAL_Driver/stm32l4xx_hal_i2c_ex.o
 .debug_macro   0x000000000001abdc      0x1e8 Drivers/STM32L4xx_HAL_Driver/stm32l4xx_hal_pwr_ex.o
 .debug_macro   0x000000000001adc4      0x206 Drivers/STM32L4xx_HAL_Driver/stm32l4xx_hal_rcc.o
 .debug_macro   0x000000000001afca      0x1fa Drivers/STM32L4xx_HAL_Driver/stm32l4xx_hal_rcc_ex.o
 .debug_macro   0x000000000001b1c4      0x1ef Drivers/STM32L4xx_HAL_Driver/stm32l4xx_hal_uart.o
 .debug_macro   0x000000000001b3b3      0x363 lib/MAX30100/max30100_for_stm32_hal.o

.debug_line     0x0000000000000000     0xc8c3
 .debug_line    0x0000000000000000      0x704 Application/User/Core/gpio.o
 .debug_line    0x0000000000000704      0x736 Application/User/Core/i2c.o
 .debug_line    0x0000000000000e3a      0xa1c Application/User/Core/main.o
 .debug_line    0x0000000000001856      0x6fa Application/User/Core/stm32l4xx_hal_msp.o
 .debug_line    0x0000000000001f50      0x982 Application/User/Core/stm32l4xx_it.o
 .debug_line    0x00000000000028d2      0x74b Application/User/Core/syscalls.o
 .debug_line    0x000000000000301d      0x4d4 Application/User/Core/sysmem.o
 .debug_line    0x00000000000034f1      0x730 Application/User/Core/usart.o
 .debug_line    0x0000000000003c21       0x94 Application/User/Startup/startup_stm32l412rbtxp.o
 .debug_line    0x0000000000003cb5      0x725 Drivers/CMSIS/system_stm32l4xx.o
 .debug_line    0x00000000000043da      0x93b Drivers/STM32L4xx_HAL_Driver/stm32l4xx_hal.o
 .debug_line    0x0000000000004d15      0xa23 Drivers/STM32L4xx_HAL_Driver/stm32l4xx_hal_cortex.o
 .debug_line    0x0000000000005738      0x91e Drivers/STM32L4xx_HAL_Driver/stm32l4xx_hal_dma.o
 .debug_line    0x0000000000006056      0x875 Drivers/STM32L4xx_HAL_Driver/stm32l4xx_hal_gpio.o
 .debug_line    0x00000000000068cb     0x1add Drivers/STM32L4xx_HAL_Driver/stm32l4xx_hal_i2c.o
 .debug_line    0x00000000000083a8      0x83e Drivers/STM32L4xx_HAL_Driver/stm32l4xx_hal_i2c_ex.o
 .debug_line    0x0000000000008be6      0xa7a Drivers/STM32L4xx_HAL_Driver/stm32l4xx_hal_pwr_ex.o
 .debug_line    0x0000000000009660      0xa25 Drivers/STM32L4xx_HAL_Driver/stm32l4xx_hal_rcc.o
 .debug_line    0x000000000000a085      0xb39 Drivers/STM32L4xx_HAL_Driver/stm32l4xx_hal_rcc_ex.o
 .debug_line    0x000000000000abbe     0x1256 Drivers/STM32L4xx_HAL_Driver/stm32l4xx_hal_uart.o
 .debug_line    0x000000000000be14      0xaaf lib/MAX30100/max30100_for_stm32_hal.o

.debug_str      0x0000000000000000    0xa31c7
 .debug_str     0x0000000000000000    0x9962f Application/User/Core/gpio.o
                                      0x99969 (size before relaxing)
 .debug_str     0x000000000009962f      0x461 Application/User/Core/i2c.o
                                      0x99df3 (size before relaxing)
 .debug_str     0x0000000000099a90     0x4da9 Application/User/Core/main.o