max30100_for_stm32_hal.c:24:6:MAX30100_Init	16	static
max30100_for_stm32_hal.c:31:9:MAX30100_ReadReg	32	static
max30100_for_stm32_hal.c:38:6:MAX30100_WriteReg	32	static
max30100_for_stm32_hal.c:43:6:MAX30100_EnableInterrupt	32	static
max30100_for_stm32_hal.c:48:6:MAX30100_InterruptHandler	16	static
max30100_for_stm32_hal.c:67:6:MAX30100_SetMode	24	static
max30100_for_stm32_hal.c:83:6:MAX30100_SetSpO2SampleRate	24	static
max30100_for_stm32_hal.c:89:6:MAX30100_SetLEDPulseWidth	24	static
max30100_for_stm32_hal.c:94:6:MAX30100_SetLEDCurrent	16	static
max30100_for_stm32_hal.c:100:6:MAX30100_ClearFIFO	8	static
max30100_for_stm32_hal.c:106:6:MAX30100_ReadFIFO	88	static
max30100_for_stm32_hal.c:121:7:MAX30100_ReadTemperature	24	static
max30100_for_stm32_hal.c:127:6:MAX30100_PlotTemperatureToUART	40	static
max30100_for_stm32_hal.c:135:6:MAX30100_PlotIrToUART	40	static
max30100_for_stm32_hal.c:145:6:MAX30100_PlotBothToUART	48	static
max30100_for_stm32_hal.c:154:6:MAX30100_Stop	8	static
max30100_for_stm32_hal.c:160:6:MAX30100_Pause	8	static
max30100_for_stm32_hal.c:168:6:MAX30100_Resume	8	static
